Aug  4 22:11:33 linone000000 systemd-fsck[203]: cloudimg-rootfs: clean, 72567/274176 files, 434421/548091 blocks
Aug  4 22:11:33 linone000000 systemd[1]: Mounted Huge Pages File System.
Aug  4 22:11:33 linone000000 systemd[1]: Mounted POSIX Message Queue File System.
Aug  4 22:11:33 linone000000 systemd[1]: Mounted Kernel Debug File System.
Aug  4 22:11:33 linone000000 systemd[1]: Mounted Kernel Trace File System.
Aug  4 22:11:33 linone000000 systemd[1]: Finished Set the console keyboard layout.
Aug  4 22:11:33 linone000000 systemd[1]: Finished Create List of Static Device Nodes.
Aug  4 22:11:33 linone000000 systemd[1]: modprobe@configfs.service: Deactivated successfully.
Aug  4 22:11:33 linone000000 systemd[1]: Finished Load Kernel Module configfs.
Aug  4 22:11:33 linone000000 systemd[1]: modprobe@drm.service: Deactivated successfully.
Aug  4 22:11:33 linone000000 systemd[1]: Finished Load Kernel Module drm.
Aug  4 22:11:33 linone000000 systemd[1]: modprobe@efi_pstore.service: Deactivated successfully.
Aug  4 22:11:33 linone000000 systemd[1]: Finished Load Kernel Module efi_pstore.
Aug  4 22:11:33 linone000000 systemd[1]: modprobe@fuse.service: Deactivated successfully.
Aug  4 22:11:33 linone000000 systemd[1]: Finished Load Kernel Module fuse.
Aug  4 22:11:33 linone000000 systemd[1]: Finished File System Check on Root Device.
Aug  4 22:11:33 linone000000 systemd[1]: Finished Load Kernel Modules.
Aug  4 22:11:33 linone000000 systemd[1]: Mounting FUSE Control File System...
Aug  4 22:11:33 linone000000 systemd[1]: Mounting Kernel Configuration File System...
Aug  4 22:11:33 linone000000 systemd[1]: Started File System Check Daemon to report status.
Aug  4 22:11:33 linone000000 systemd[1]: Starting Remount Root and Kernel File Systems...
Aug  4 22:11:33 linone000000 systemd[1]: Starting Apply Kernel Variables...
Aug  4 22:11:33 linone000000 systemd[1]: Mounted FUSE Control File System.
Aug  4 22:11:33 linone000000 systemd[1]: Mounted Kernel Configuration File System.
Aug  4 22:11:33 linone000000 systemd[1]: Finished Apply Kernel Variables.
Aug  4 22:11:33 linone000000 kernel: [    0.000000] Linux version 6.8.0-1031-azure (buildd@lcy02-amd64-099) (x86_64-linux-gnu-gcc-11 (Ubuntu 11.4.0-1ubuntu1~22.04) 11.4.0, GNU ld (GNU Binutils for Ubuntu) 2.38) #36~22.04.1-Ubuntu SMP Tue Jul  1 03:54:01 UTC 2025 (Ubuntu 6.8.0-1031.36~22.04.1-azure 6.8.12)
Aug  4 22:11:33 linone000000 kernel: [    0.000000] Command line: BOOT_IMAGE=/boot/vmlinuz-6.8.0-1031-azure root=PARTUUID=4d63527a-331e-4b70-a0ac-7e5563fe9724 ro console=tty1 console=ttyS0 earlyprintk=ttyS0 nvme_core.io_timeout=240 panic=-1
Aug  4 22:11:33 linone000000 kernel: [    0.000000] KERNEL supported cpus:
Aug  4 22:11:33 linone000000 kernel: [    0.000000]   Intel GenuineIntel
Aug  4 22:11:33 linone000000 kernel: [    0.000000]   AMD AuthenticAMD
Aug  4 22:11:33 linone000000 kernel: [    0.000000]   Hygon HygonGenuine
Aug  4 22:11:33 linone000000 kernel: [    0.000000]   Centaur CentaurHauls
Aug  4 22:11:33 linone000000 kernel: [    0.000000]   zhaoxin   Shanghai  
Aug  4 22:11:33 linone000000 kernel: [    0.000000] BIOS-provided physical RAM map:
Aug  4 22:11:33 linone000000 kernel: [    0.000000] BIOS-e820: [mem 0x0000000000000000-0x000000000009ffff] usable
Aug  4 22:11:33 linone000000 kernel: [    0.000000] BIOS-e820: [mem 0x00000000000c0000-0x00000000000fffff] reserved
Aug  4 22:11:33 linone000000 kernel: [    0.000000] BIOS-e820: [mem 0x0000000000100000-0x00000000019eefff] usable
Aug  4 22:11:33 linone000000 kernel: [    0.000000] BIOS-e820: [mem 0x00000000019ef000-0x00000000019f0fff] reserved
Aug  4 22:11:33 linone000000 kernel: [    0.000000] BIOS-e820: [mem 0x00000000019f1000-0x00000000019fffff] usable
Aug  4 22:11:33 linone000000 kernel: [    0.000000] BIOS-e820: [mem 0x0000000004c00000-0x000000003e7e3fff] usable
Aug  4 22:11:33 linone000000 kernel: [    0.000000] BIOS-e820: [mem 0x000000003e7e4000-0x000000003e7f0fff] ACPI data
Aug  4 22:11:33 linone000000 kernel: [    0.000000] BIOS-e820: [mem 0x000000003e7f1000-0x000000003eb38fff] usable
Aug  4 22:11:33 linone000000 kernel: [    0.000000] BIOS-e820: [mem 0x000000003eb39000-0x000000003eb40fff] ACPI NVS
Aug  4 22:11:33 linone000000 kernel: [    0.000000] BIOS-e820: [mem 0x000000003eb41000-0x000000003ff40fff] usable
Aug  4 22:11:33 linone000000 kernel: [    0.000000] BIOS-e820: [mem 0x000000003ff41000-0x000000003ffc8fff] reserved
Aug  4 22:11:33 linone000000 kernel: [    0.000000] BIOS-e820: [mem 0x000000003ffc9000-0x000000003fffafff] ACPI data
Aug  4 22:11:33 linone000000 kernel: [    0.000000] BIOS-e820: [mem 0x000000003fffb000-0x000000003fffefff] ACPI NVS
Aug  4 22:11:33 linone000000 kernel: [    0.000000] BIOS-e820: [mem 0x000000003ffff000-0x000000003fffffff] usable
Aug  4 22:11:33 linone000000 kernel: [    0.000000] BIOS-e820: [mem 0x0000000100000000-0x00000008bfffffff] usable
Aug  4 22:11:33 linone000000 kernel: [    0.000000] printk: legacy bootconsole [earlyser0] enabled
Aug  4 22:11:33 linone000000 kernel: [    0.000000] NX (Execute Disable) protection: active
Aug  4 22:11:33 linone000000 kernel: [    0.000000] APIC: Static calls initialized
Aug  4 22:11:33 linone000000 kernel: [    0.000000] efi: EFI v2.7 by Microsoft
Aug  4 22:11:33 linone000000 kernel: [    0.000000] efi: ACPI=0x3fffa000 ACPI 2.0=0x3fffa014 SMBIOS=0x3ff85000 SMBIOS 3.0=0x3ff83000 TPMFinalLog=0x3eb39000 MEMATTR=0x3e825018 MOKvar=0x3ff81000 RNG=0x3ffd0018 TPMEventLog=0x3e7e4018 
Aug  4 22:11:33 linone000000 kernel: [    0.000000] random: crng init done
Aug  4 22:11:33 linone000000 kernel: [    0.000000] secureboot: Secure boot enabled
Aug  4 22:11:33 linone000000 kernel: [    0.000000] Kernel is locked down from EFI Secure Boot mode; see man kernel_lockdown.7
Aug  4 22:11:33 linone000000 kernel: [    0.000000] SMBIOS 3.1.0 present.
Aug  4 22:11:33 linone000000 kernel: [    0.000000] DMI: Microsoft Corporation Virtual Machine/Virtual Machine, BIOS Hyper-V UEFI Release v4.1 05/13/2024
Aug  4 22:11:33 linone000000 kernel: [    0.000000] Hypervisor detected: Microsoft Hyper-V
Aug  4 22:11:33 linone000000 kernel: [    0.000000] Hyper-V: privilege flags low 0x2e7f, high 0x3b8030, hints 0x1e6e24, misc 0xc0bed7b2
Aug  4 22:11:33 linone000000 kernel: [    0.000000] Hyper-V: Host Build 10.0.20348.1827-1-0
Aug  4 22:11:33 linone000000 kernel: [    0.000000] Hyper-V: Nested features: 0x3e0101
Aug  4 22:11:33 linone000000 kernel: [    0.000000] Hyper-V: LAPIC Timer Frequency: 0x30d40
Aug  4 22:11:33 linone000000 kernel: [    0.000000] Hyper-V: Using hypercall for remote TLB flush
Aug  4 22:11:33 linone000000 kernel: [    0.000000] clocksource: hyperv_clocksource_tsc_page: mask: 0xffffffffffffffff max_cycles: 0x24e6a1710, max_idle_ns: 440795202120 ns
Aug  4 22:11:33 linone000000 kernel: [    0.000005] clocksource: hyperv_clocksource_msr: mask: 0xffffffffffffffff max_cycles: 0x24e6a1710, max_idle_ns: 440795202120 ns
Aug  4 22:11:33 linone000000 kernel: [    0.004753] tsc: Marking TSC unstable due to running on Hyper-V
Aug  4 22:11:33 linone000000 kernel: [    0.007252] tsc: Detected 2294.684 MHz processor
Aug  4 22:11:33 linone000000 kernel: [    0.009368] e820: update [mem 0x00000000-0x00000fff] usable ==> reserved
Aug  4 22:11:33 linone000000 kernel: [    0.009375] e820: remove [mem 0x000a0000-0x000fffff] usable
Aug  4 22:11:33 linone000000 kernel: [    0.009396] last_pfn = 0x8c0000 max_arch_pfn = 0x400000000
Aug  4 22:11:33 linone000000 kernel: [    0.011798] MTRR map: 4 entries (2 fixed + 2 variable; max 18), built from 8 variable MTRRs
Aug  4 22:11:33 linone000000 kernel: [    0.015343] x86/PAT: Configuration [0-7]: WB  WC  UC- UC  WB  WP  UC- WT  
Aug  4 22:11:33 linone000000 kernel: [    0.018600] e820: update [mem 0x40000000-0xffffffff] usable ==> reserved
Aug  4 22:11:33 linone000000 kernel: [    0.020295] last_pfn = 0x40000 max_arch_pfn = 0x400000000
Aug  4 22:11:33 linone000000 kernel: [    0.039207] Using GB pages for direct mapping
Aug  4 22:11:33 linone000000 kernel: [    0.041783] secureboot: Secure boot enabled
Aug  4 22:11:33 linone000000 kernel: [    0.043678] ACPI: Early table checksum verification disabled
Aug  4 22:11:33 linone000000 kernel: [    0.046307] ACPI: RSDP 0x000000003FFFA014 000024 (v02 VRTUAL)
Aug  4 22:11:33 linone000000 kernel: [    0.049828] ACPI: XSDT 0x000000003FFF90E8 00006C (v01 VRTUAL MICROSFT 00000001 MSFT 00000001)
Aug  4 22:11:33 linone000000 kernel: [    0.053880] ACPI: FACP 0x000000003FFF8000 000114 (v06 VRTUAL MICROSFT 00000001 MSFT 00000001)
Aug  4 22:11:33 linone000000 kernel: [    0.057444] ACPI: DSDT 0x000000003FFD6000 01E184 (v02 MSFTVM DSDT01   00000001 MSFT 05000000)
Aug  4 22:11:33 linone000000 kernel: [    0.061956] ACPI: FACS 0x000000003FFFE000 000040
Aug  4 22:11:33 linone000000 kernel: [    0.064661] ACPI: OEM0 0x000000003FFF7000 000064 (v01 VRTUAL MICROSFT 00000001 MSFT 00000001)
Aug  4 22:11:33 linone000000 kernel: [    0.068380] ACPI: SPCR 0x000000003FFF6000 000050 (v02 VRTUAL MICROSFT 00000001 MSFT 00000001)
Aug  4 22:11:33 linone000000 systemd[1]: Finished Remount Root and Kernel File Systems.
Aug  4 22:11:33 linone000000 kernel: [    0.072476] ACPI: WAET 0x000000003FFF5000 000028 (v01 VRTUAL MICROSFT 00000001 MSFT 00000001)
Aug  4 22:11:33 linone000000 kernel: [    0.076343] ACPI: APIC 0x000000003FFD5000 000088 (v04 VRTUAL MICROSFT 00000001 MSFT 00000001)
Aug  4 22:11:33 linone000000 kernel: [    0.082508] ACPI: SRAT 0x000000003FFD4000 000330 (v02 VRTUAL MICROSFT 00000001 MSFT 00000001)
Aug  4 22:11:33 linone000000 kernel: [    0.086275] ACPI: TPM2 0x000000003FFD3000 000034 (v03 VRTUAL VTPM     00000001 MSFT 00000001)
Aug  4 22:11:33 linone000000 kernel: [    0.090389] ACPI: BGRT 0x000000003FFD2000 000038 (v01 VRTUAL MICROSFT 00000001 MSFT 00000001)
Aug  4 22:11:33 linone000000 kernel: [    0.097003] ACPI: FPDT 0x000000003FFD1000 000034 (v01 VRTUAL MICROSFT 00000001 MSFT 00000001)
Aug  4 22:11:33 linone000000 kernel: [    0.102396] ACPI: Reserving FACP table memory at [mem 0x3fff8000-0x3fff8113]
Aug  4 22:11:33 linone000000 kernel: [    0.106156] ACPI: Reserving DSDT table memory at [mem 0x3ffd6000-0x3fff4183]
Aug  4 22:11:33 linone000000 kernel: [    0.114010] ACPI: Reserving FACS table memory at [mem 0x3fffe000-0x3fffe03f]
Aug  4 22:11:33 linone000000 kernel: [    0.117253] ACPI: Reserving OEM0 table memory at [mem 0x3fff7000-0x3fff7063]
Aug  4 22:11:33 linone000000 kernel: [    0.120569] ACPI: Reserving SPCR table memory at [mem 0x3fff6000-0x3fff604f]
Aug  4 22:11:33 linone000000 kernel: [    0.123987] ACPI: Reserving WAET table memory at [mem 0x3fff5000-0x3fff5027]
Aug  4 22:11:33 linone000000 kernel: [    0.127013] ACPI: Reserving APIC table memory at [mem 0x3ffd5000-0x3ffd5087]
Aug  4 22:11:33 linone000000 kernel: [    0.130069] ACPI: Reserving SRAT table memory at [mem 0x3ffd4000-0x3ffd432f]
Aug  4 22:11:33 linone000000 kernel: [    0.133186] ACPI: Reserving TPM2 table memory at [mem 0x3ffd3000-0x3ffd3033]
Aug  4 22:11:33 linone000000 kernel: [    0.136145] ACPI: Reserving BGRT table memory at [mem 0x3ffd2000-0x3ffd2037]
Aug  4 22:11:33 linone000000 kernel: [    0.139280] ACPI: Reserving FPDT table memory at [mem 0x3ffd1000-0x3ffd1033]
Aug  4 22:11:33 linone000000 kernel: [    0.142631] SRAT: PXM 0 -> APIC 0x00 -> Node 0
Aug  4 22:11:33 linone000000 kernel: [    0.144720] SRAT: PXM 0 -> APIC 0x01 -> Node 0
Aug  4 22:11:33 linone000000 kernel: [    0.147539] SRAT: PXM 0 -> APIC 0x02 -> Node 0
Aug  4 22:11:33 linone000000 kernel: [    0.149739] SRAT: PXM 0 -> APIC 0x03 -> Node 0
Aug  4 22:11:33 linone000000 kernel: [    0.153378] SRAT: PXM 0 -> APIC 0x04 -> Node 0
Aug  4 22:11:33 linone000000 systemd[1]: Starting Device-Mapper Multipath Device Controller...
Aug  4 22:11:33 linone000000 kernel: [    0.156165] SRAT: PXM 0 -> APIC 0x05 -> Node 0
Aug  4 22:11:33 linone000000 kernel: [    0.165516] SRAT: PXM 0 -> APIC 0x06 -> Node 0
Aug  4 22:11:33 linone000000 kernel: [    0.169525] SRAT: PXM 0 -> APIC 0x07 -> Node 0
Aug  4 22:11:33 linone000000 kernel: [    0.173124] ACPI: SRAT: Node 0 PXM 0 [mem 0x00000000-0x3fffffff] hotplug
Aug  4 22:11:33 linone000000 kernel: [    0.181966] ACPI: SRAT: Node 0 PXM 0 [mem 0x100000000-0x8bfffffff] hotplug
Aug  4 22:11:33 linone000000 kernel: [    0.187332] ACPI: SRAT: Node 0 PXM 0 [mem 0x8c0000000-0xfdfffffff] hotplug
Aug  4 22:11:33 linone000000 kernel: [    0.190643] ACPI: SRAT: Node 0 PXM 0 [mem 0x1000000000-0xffffffffff] hotplug
Aug  4 22:11:33 linone000000 kernel: [    0.193770] ACPI: SRAT: Node 0 PXM 0 [mem 0x10000000000-0x1ffffffffff] hotplug
Aug  4 22:11:33 linone000000 kernel: [    0.196871] ACPI: SRAT: Node 0 PXM 0 [mem 0x20000000000-0x3ffffffffff] hotplug
Aug  4 22:11:33 linone000000 kernel: [    0.200068] ACPI: SRAT: Node 0 PXM 0 [mem 0x40000000000-0x7ffffffffff] hotplug
Aug  4 22:11:33 linone000000 kernel: [    0.203775] ACPI: SRAT: Node 0 PXM 0 [mem 0x80000000000-0xfffffffffff] hotplug
Aug  4 22:11:33 linone000000 kernel: [    0.206952] ACPI: SRAT: Node 0 PXM 0 [mem 0x100000000000-0x1fffffffffff] hotplug
Aug  4 22:11:33 linone000000 kernel: [    0.210147] ACPI: SRAT: Node 0 PXM 0 [mem 0x200000000000-0x3fffffffffff] hotplug
Aug  4 22:11:33 linone000000 kernel: [    0.220423] ACPI: SRAT: Node 0 PXM 0 [mem 0x400000000000-0x7fffffffffff] hotplug
Aug  4 22:11:33 linone000000 kernel: [    0.223763] ACPI: SRAT: Node 0 PXM 0 [mem 0x800000000000-0xffffffffffff] hotplug
Aug  4 22:11:33 linone000000 kernel: [    0.227059] ACPI: SRAT: Node 0 PXM 0 [mem 0x1000000000000-0x1ffffffffffff] hotplug
Aug  4 22:11:33 linone000000 kernel: [    0.230310] ACPI: SRAT: Node 0 PXM 0 [mem 0x2000000000000-0x3ffffffffffff] hotplug
Aug  4 22:11:33 linone000000 kernel: [    0.237471] ACPI: SRAT: Node 0 PXM 0 [mem 0x4000000000000-0x7ffffffffffff] hotplug
Aug  4 22:11:33 linone000000 systemd[1]: Starting Flush Journal to Persistent Storage...
Aug  4 22:11:33 linone000000 systemd[1]: Condition check resulted in Platform Persistent Storage Archival being skipped.
Aug  4 22:11:33 linone000000 systemd[1]: Starting Load/Save Random Seed...
Aug  4 22:11:33 linone000000 systemd[1]: Starting Create System Users...
Aug  4 22:11:33 linone000000 systemd[1]: Finished Load/Save Random Seed.
Aug  4 22:11:33 linone000000 kernel: [    0.242100] ACPI: SRAT: Node 0 PXM 0 [mem 0x8000000000000-0xfffffffffffff] hotplug
Aug  4 22:11:33 linone000000 kernel: [    0.248736] NUMA: Node 0 [mem 0x00000000-0x3fffffff] + [mem 0x100000000-0x8bfffffff] -> [mem 0x00000000-0x8bfffffff]
Aug  4 22:11:33 linone000000 kernel: [    0.255563] NODE_DATA(0) allocated [mem 0x8bffd5000-0x8bfffffff]
Aug  4 22:11:33 linone000000 systemd[1]: Condition check resulted in First Boot Complete being skipped.
Aug  4 22:11:33 linone000000 kernel: [    0.260647] Zone ranges:
Aug  4 22:11:33 linone000000 kernel: [    0.262653]   DMA      [mem 0x0000000000001000-0x0000000000ffffff]
Aug  4 22:11:33 linone000000 kernel: [    0.266459]   DMA32    [mem 0x0000000001000000-0x00000000ffffffff]
Aug  4 22:11:33 linone000000 kernel: [    0.269193]   Normal   [mem 0x0000000100000000-0x00000008bfffffff]
Aug  4 22:11:33 linone000000 kernel: [    0.271730]   Device   empty
Aug  4 22:11:33 linone000000 kernel: [    0.272926] Movable zone start for each node
Aug  4 22:11:33 linone000000 systemd[1]: Finished Coldplug All udev Devices.
Aug  4 22:11:33 linone000000 kernel: [    0.275118] Early memory node ranges
Aug  4 22:11:33 linone000000 kernel: [    0.276587]   node   0: [mem 0x0000000000001000-0x000000000009ffff]
Aug  4 22:11:33 linone000000 kernel: [    0.279215]   node   0: [mem 0x0000000000100000-0x00000000019eefff]
Aug  4 22:11:33 linone000000 kernel: [    0.281861]   node   0: [mem 0x00000000019f1000-0x00000000019fffff]
Aug  4 22:11:33 linone000000 kernel: [    0.285666]   node   0: [mem 0x0000000004c00000-0x000000003e7e3fff]
Aug  4 22:11:33 linone000000 systemd[1]: Finished Create System Users.
Aug  4 22:11:33 linone000000 kernel: [    0.288384]   node   0: [mem 0x000000003e7f1000-0x000000003eb38fff]
Aug  4 22:11:33 linone000000 kernel: [    0.291053]   node   0: [mem 0x000000003eb41000-0x000000003ff40fff]
Aug  4 22:11:33 linone000000 kernel: [    0.293757]   node   0: [mem 0x000000003ffff000-0x000000003fffffff]
Aug  4 22:11:33 linone000000 kernel: [    0.296306]   node   0: [mem 0x0000000100000000-0x00000008bfffffff]
Aug  4 22:11:33 linone000000 kernel: [    0.298842] Initmem setup node 0 [mem 0x0000000000001000-0x00000008bfffffff]
Aug  4 22:11:33 linone000000 systemd[1]: Starting Create Static Device Nodes in /dev...
Aug  4 22:11:33 linone000000 kernel: [    0.301852] On node 0, zone DMA: 1 pages in unavailable ranges
Aug  4 22:11:33 linone000000 kernel: [    0.304297] On node 0, zone DMA: 96 pages in unavailable ranges
Aug  4 22:11:33 linone000000 kernel: [    0.306794] On node 0, zone DMA32: 2 pages in unavailable ranges
Aug  4 22:11:33 linone000000 kernel: [    0.312277] On node 0, zone DMA32: 12800 pages in unavailable ranges
Aug  4 22:11:33 linone000000 systemd[1]: Finished Flush Journal to Persistent Storage.
Aug  4 22:11:33 linone000000 kernel: [    0.315177] On node 0, zone DMA32: 13 pages in unavailable ranges
Aug  4 22:11:33 linone000000 kernel: [    0.317922] On node 0, zone DMA32: 8 pages in unavailable ranges
Aug  4 22:11:33 linone000000 kernel: [    0.320461] On node 0, zone DMA32: 190 pages in unavailable ranges
Aug  4 22:11:33 linone000000 systemd[1]: Finished Create Static Device Nodes in /dev.
Aug  4 22:11:33 linone000000 kernel: [    0.413037] ACPI: PM-Timer IO Port: 0x408
Aug  4 22:11:33 linone000000 kernel: [    0.416493] ACPI: LAPIC_NMI (acpi_id[0x01] dfl dfl lint[0x1])
Aug  4 22:11:33 linone000000 kernel: [    0.420243] IOAPIC[0]: apic_id 8, version 17, address 0xfec00000, GSI 0-23
Aug  4 22:11:33 linone000000 kernel: [    0.423409] ACPI: INT_SRC_OVR (bus 0 bus_irq 9 global_irq 9 high level)
Aug  4 22:11:33 linone000000 kernel: [    0.426282] ACPI: Using ACPI (MADT) for SMP configuration information
Aug  4 22:11:33 linone000000 kernel: [    0.429109] ACPI: SPCR: console: uart,io,0x3f8,115200
Aug  4 22:11:33 linone000000 multipathd[225]: --------start up--------
Aug  4 22:11:33 linone000000 kernel: [    0.431253] smpboot: Allowing 8 CPUs, 0 hotplug CPUs
Aug  4 22:11:33 linone000000 kernel: [    0.433294] PM: hibernation: Registered nosave memory: [mem 0x00000000-0x00000fff]
Aug  4 22:11:33 linone000000 kernel: [    0.436404] PM: hibernation: Registered nosave memory: [mem 0x000a0000-0x000bffff]
Aug  4 22:11:33 linone000000 kernel: [    0.441676] PM: hibernation: Registered nosave memory: [mem 0x000c0000-0x000fffff]
Aug  4 22:11:33 linone000000 kernel: [    0.445803] PM: hibernation: Registered nosave memory: [mem 0x019ef000-0x019f0fff]
Aug  4 22:11:33 linone000000 kernel: [    0.450819] PM: hibernation: Registered nosave memory: [mem 0x01a00000-0x04bfffff]
Aug  4 22:11:33 linone000000 kernel: [    0.454679] PM: hibernation: Registered nosave memory: [mem 0x3e7e4000-0x3e7f0fff]
Aug  4 22:11:33 linone000000 multipathd[225]: read /etc/multipath.conf
Aug  4 22:11:33 linone000000 kernel: [    0.462997] PM: hibernation: Registered nosave memory: [mem 0x3eb39000-0x3eb40fff]
Aug  4 22:11:33 linone000000 kernel: [    0.467756] PM: hibernation: Registered nosave memory: [mem 0x3ff41000-0x3ffc8fff]
Aug  4 22:11:33 linone000000 kernel: [    0.471165] PM: hibernation: Registered nosave memory: [mem 0x3ffc9000-0x3fffafff]
Aug  4 22:11:33 linone000000 kernel: [    0.474340] PM: hibernation: Registered nosave memory: [mem 0x3fffb000-0x3fffefff]
Aug  4 22:11:33 linone000000 multipathd[225]: path checkers start up
Aug  4 22:11:33 linone000000 kernel: [    0.482646] PM: hibernation: Registered nosave memory: [mem 0x40000000-0xffffffff]
Aug  4 22:11:33 linone000000 kernel: [    0.487018] [mem 0x40000000-0xffffffff] available for PCI devices
Aug  4 22:11:33 linone000000 kernel: [    0.491840] Booting paravirtualized kernel on Hyper-V
Aug  4 22:11:33 linone000000 systemd[1]: Starting Rule-based Manager for Device Events and Files...
Aug  4 22:11:33 linone000000 kernel: [    0.495161] clocksource: refined-jiffies: mask: 0xffffffff max_cycles: 0xffffffff, max_idle_ns: 1910969940391419 ns
Aug  4 22:11:33 linone000000 kernel: [    0.499722] setup_percpu: NR_CPUS:8192 nr_cpumask_bits:8 nr_cpu_ids:8 nr_node_ids:1
Aug  4 22:11:33 linone000000 kernel: [    0.504197] percpu: Embedded 84 pages/cpu s221184 r8192 d114688 u524288
Aug  4 22:11:33 linone000000 kernel: [    0.508697] pcpu-alloc: s221184 r8192 d114688 u524288 alloc=1*2097152
Aug  4 22:11:33 linone000000 kernel: [    0.508718] pcpu-alloc: [0] 0 1 2 3 [0] 4 5 6 7 
Aug  4 22:11:33 linone000000 kernel: [    0.508760] Hyper-V: PV spinlocks enabled
Aug  4 22:11:33 linone000000 systemd[1]: Started Device-Mapper Multipath Device Controller.
Aug  4 22:11:33 linone000000 kernel: [    0.510734] PV qspinlock hash table entries: 256 (order: 0, 4096 bytes, linear)
Aug  4 22:11:33 linone000000 kernel: [    0.514086] Kernel command line: BOOT_IMAGE=/boot/vmlinuz-6.8.0-1031-azure root=PARTUUID=4d63527a-331e-4b70-a0ac-7e5563fe9724 ro console=tty1 console=ttyS0 earlyprintk=ttyS0 nvme_core.io_timeout=240 panic=-1
Aug  4 22:11:33 linone000000 kernel: [    0.522781] Unknown kernel command line parameters "BOOT_IMAGE=/boot/vmlinuz-6.8.0-1031-azure", will be passed to user space.
Aug  4 22:11:33 linone000000 kernel: [    0.533527] Dentry cache hash table entries: 4194304 (order: 13, 33554432 bytes, linear)
Aug  4 22:11:33 linone000000 kernel: [    0.540060] Inode-cache hash table entries: 2097152 (order: 12, 16777216 bytes, linear)
Aug  4 22:11:33 linone000000 kernel: [    0.544092] Fallback order for Node 0: 0 
Aug  4 22:11:33 linone000000 systemd[1]: Started Rule-based Manager for Device Events and Files.
Aug  4 22:11:33 linone000000 kernel: [    0.544099] Built 1 zonelists, mobility grouping on.  Total pages: 8243148
Aug  4 22:11:33 linone000000 kernel: [    0.549039] Policy zone: Normal
Aug  4 22:11:33 linone000000 kernel: [    0.550459] mem auto-init: stack:off, heap alloc:on, heap free:off
Aug  4 22:11:33 linone000000 kernel: [    0.553475] software IO TLB: area num 8.
Aug  4 22:11:33 linone000000 kernel: [    0.695688] Memory: 32779284K/33501992K available (20480K kernel code, 4340K rwdata, 13564K rodata, 4764K init, 5052K bss, 722448K reserved, 0K cma-reserved)
Aug  4 22:11:33 linone000000 kernel: [    0.706260] SLUB: HWalign=64, Order=0-3, MinObjects=0, CPUs=8, Nodes=1
Aug  4 22:11:33 linone000000 systemd[1]: Condition check resulted in Show Plymouth Boot Screen being skipped.
Aug  4 22:11:33 linone000000 kernel: [    0.710933] Kernel/User page tables isolation: enabled
Aug  4 22:11:33 linone000000 kernel: [    0.716275] ftrace: allocating 57016 entries in 223 pages
Aug  4 22:11:33 linone000000 kernel: [    0.734224] ftrace: allocated 223 pages with 7 groups
Aug  4 22:11:33 linone000000 kernel: [    0.738166] rcu: Hierarchical RCU implementation.
Aug  4 22:11:33 linone000000 kernel: [    0.741275] rcu: 	RCU restricting CPUs from NR_CPUS=8192 to nr_cpu_ids=8.
Aug  4 22:11:33 linone000000 kernel: [    0.745181] 	Rude variant of Tasks RCU enabled.
Aug  4 22:11:33 linone000000 kernel: [    0.748515] 	Tracing variant of Tasks RCU enabled.
Aug  4 22:11:33 linone000000 systemd[1]: Started Dispatch Password Requests to Console Directory Watch.
Aug  4 22:11:33 linone000000 kernel: [    0.751973] rcu: RCU calculated value of scheduler-enlistment delay is 100 jiffies.
Aug  4 22:11:33 linone000000 kernel: [    0.755053] rcu: Adjusting geometry for rcu_fanout_leaf=16, nr_cpu_ids=8
Aug  4 22:11:33 linone000000 kernel: [    0.763277] Using NULL legacy PIC
Aug  4 22:11:33 linone000000 kernel: [    0.765224] NR_IRQS: 524544, nr_irqs: 488, preallocated irqs: 0
Aug  4 22:11:33 linone000000 kernel: [    0.767981] rcu: srcu_init: Setting srcu_struct sizes based on contention.
Aug  4 22:11:33 linone000000 systemd[1]: Condition check resulted in Forward Password Requests to Plymouth Directory Watch being skipped.
Aug  4 22:11:33 linone000000 kernel: [    0.773971] Console: colour dummy device 80x25
Aug  4 22:11:33 linone000000 kernel: [    0.777918] printk: legacy console [tty1] enabled
Aug  4 22:11:33 linone000000 kernel: [    0.780531] printk: legacy console [ttyS0] enabled
Aug  4 22:11:33 linone000000 kernel: [    0.784657] printk: legacy bootconsole [earlyser0] disabled
Aug  4 22:11:33 linone000000 kernel: [    0.789816] ACPI: Core revision 20230628
Aug  4 22:11:33 linone000000 kernel: [    0.791527] Failed to register legacy timer interrupt
Aug  4 22:11:33 linone000000 systemd[1]: Reached target Local Encrypted Volumes.
Aug  4 22:11:33 linone000000 kernel: [    0.793647] APIC: Switch to symmetric I/O mode setup
Aug  4 22:11:33 linone000000 systemd[1]: Found device /dev/ttyS0.
Aug  4 22:11:33 linone000000 kernel: [    0.802450] x2apic enabled
Aug  4 22:11:33 linone000000 kernel: [    0.810537] APIC: Switched APIC routing to: physical x2apic
Aug  4 22:11:33 linone000000 kernel: [    0.812910] Hyper-V: enabling crash_kexec_post_notifiers
Aug  4 22:11:33 linone000000 kernel: [    0.815239] Hyper-V: Using IPI hypercalls
Aug  4 22:11:33 linone000000 kernel: [    0.816878] APIC: send_IPI() replaced with hv_send_ipi()
Aug  4 22:11:33 linone000000 kernel: [    0.819153] APIC: send_IPI_mask() replaced with hv_send_ipi_mask()
Aug  4 22:11:33 linone000000 systemd-udevd[238]: sdb: Process '/usr/bin/unshare -m /usr/bin/snap auto-import --mount=/dev/sdb' failed with exit code 1.
Aug  4 22:11:33 linone000000 kernel: [    0.822106] APIC: send_IPI_mask_allbutself() replaced with hv_send_ipi_mask_allbutself()
Aug  4 22:11:33 linone000000 kernel: [    0.825655] APIC: send_IPI_allbutself() replaced with hv_send_ipi_allbutself()
Aug  4 22:11:33 linone000000 kernel: [    0.828650] APIC: send_IPI_all() replaced with hv_send_ipi_all()
Aug  4 22:11:33 linone000000 kernel: [    0.831082] APIC: send_IPI_self() replaced with hv_send_ipi_self()
Aug  4 22:11:33 linone000000 systemd[1]: Found device /sys/devices/virtual/misc/vmbus!hv_kvp.
Aug  4 22:11:33 linone000000 kernel: [    0.834677] Calibrating delay loop (skipped), value calculated using timer frequency.. 4589.36 BogoMIPS (lpj=2294684)
Aug  4 22:11:33 linone000000 kernel: [    0.835670] Last level iTLB entries: 4KB 64, 2MB 8, 4MB 8
Aug  4 22:11:33 linone000000 kernel: [    0.835670] Last level dTLB entries: 4KB 64, 2MB 0, 4MB 0, 1GB 4
Aug  4 22:11:33 linone000000 kernel: [    0.835670] Spectre V1 : Mitigation: usercopy/swapgs barriers and __user pointer sanitization
Aug  4 22:11:33 linone000000 kernel: [    0.835670] Spectre V2 : Mitigation: Retpolines
Aug  4 22:11:33 linone000000 kernel: [    0.835670] Spectre V2 : Spectre v2 / SpectreRSB mitigation: Filling RSB on context switch
Aug  4 22:11:33 linone000000 kernel: [    0.835670] Spectre V2 : Spectre v2 / SpectreRSB : Filling RSB on VMEXIT
Aug  4 22:11:33 linone000000 kernel: [    0.835670] Speculative Store Bypass: Vulnerable
Aug  4 22:11:33 linone000000 systemd-udevd[246]: sr0: Process '/usr/bin/unshare -m /usr/bin/snap auto-import --mount=/dev/sr0' failed with exit code 1.
Aug  4 22:11:33 linone000000 kernel: [    0.835670] MDS: Vulnerable: Clear CPU buffers attempted, no microcode
Aug  4 22:11:33 linone000000 systemd-udevd[267]: sda: Process '/usr/bin/unshare -m /usr/bin/snap auto-import --mount=/dev/sda' failed with exit code 1.
Aug  4 22:11:33 linone000000 kernel: [    0.835670] TAA: Vulnerable: Clear CPU buffers attempted, no microcode
Aug  4 22:11:33 linone000000 kernel: [    0.835670] MMIO Stale Data: Vulnerable: Clear CPU buffers attempted, no microcode
Aug  4 22:11:33 linone000000 kernel: [    0.835670] x86/fpu: Supporting XSAVE feature 0x001: 'x87 floating point registers'
Aug  4 22:11:33 linone000000 kernel: [    0.835670] x86/fpu: Supporting XSAVE feature 0x002: 'SSE registers'
Aug  4 22:11:33 linone000000 kernel: [    0.835670] x86/fpu: Supporting XSAVE feature 0x004: 'AVX registers'
Aug  4 22:11:33 linone000000 systemd-udevd[238]: sda14: Process '/usr/bin/unshare -m /usr/bin/snap auto-import --mount=/dev/sda14' failed with exit code 1.
Aug  4 22:11:33 linone000000 kernel: [    0.835670] x86/fpu: xstate_offset[2]:  576, xstate_sizes[2]:  256
Aug  4 22:11:33 linone000000 kernel: [    0.835670] x86/fpu: Enabled xstate features 0x7, context size is 832 bytes, using 'standard' format.
Aug  4 22:11:33 linone000000 kernel: [    0.835670] Freeing SMP alternatives memory: 48K
Aug  4 22:11:33 linone000000 kernel: [    0.835670] pid_max: default: 32768 minimum: 301
Aug  4 22:11:33 linone000000 kernel: [    0.835670] LSM: initializing lsm=lockdown,capability,landlock,yama,apparmor,integrity
Aug  4 22:11:33 linone000000 kernel: [    0.835670] landlock: Up and running.
Aug  4 22:11:33 linone000000 kernel: [    0.835670] Yama: becoming mindful.
Aug  4 22:11:33 linone000000 kernel: [    0.835670] AppArmor: AppArmor initialized
Aug  4 22:11:33 linone000000 kernel: [    0.835670] Mount-cache hash table entries: 65536 (order: 7, 524288 bytes, linear)
Aug  4 22:11:33 linone000000 kernel: [    0.835670] Mountpoint-cache hash table entries: 65536 (order: 7, 524288 bytes, linear)
Aug  4 22:11:33 linone000000 kernel: [    0.835670] smpboot: CPU0: Intel(R) Xeon(R) CPU E5-2673 v4 @ 2.30GHz (family: 0x6, model: 0x4f, stepping: 0x1)
Aug  4 22:11:33 linone000000 kernel: [    0.835919] RCU Tasks Rude: Setting shift to 3 and lim to 1 rcu_task_cb_adjust=1 rcu_task_cpu_ids=8.
Aug  4 22:11:33 linone000000 kernel: [    0.836725] RCU Tasks Trace: Setting shift to 3 and lim to 1 rcu_task_cb_adjust=1 rcu_task_cpu_ids=8.
Aug  4 22:11:33 linone000000 kernel: [    0.837719] Performance Events: unsupported p6 CPU model 79 no PMU driver, software events only.
Aug  4 22:11:33 linone000000 kernel: [    0.838711] signal: max sigframe size: 1776
Aug  4 22:11:33 linone000000 kernel: [    0.839746] rcu: Hierarchical SRCU implementation.
Aug  4 22:11:33 linone000000 kernel: [    0.840686] rcu: 	Max phase no-delay instances is 400.
Aug  4 22:11:33 linone000000 kernel: [    0.842054] NMI watchdog: Perf NMI watchdog permanently disabled
Aug  4 22:11:33 linone000000 kernel: [    0.842845] smp: Bringing up secondary CPUs ...
Aug  4 22:11:33 linone000000 kernel: [    0.843903] smpboot: x86: Booting SMP configuration:
Aug  4 22:11:33 linone000000 kernel: [    0.844691] .... node  #0, CPUs:      #2 #4 #6 #1 #3 #5 #7
Aug  4 22:11:33 linone000000 kernel: [    0.848823] MDS CPU bug present and SMT on, data leak possible. See https://www.kernel.org/doc/html/latest/admin-guide/hw-vuln/mds.html for more details.
Aug  4 22:11:33 linone000000 kernel: [    0.850680] TAA CPU bug present and SMT on, data leak possible. See https://www.kernel.org/doc/html/latest/admin-guide/hw-vuln/tsx_async_abort.html for more details.
Aug  4 22:11:33 linone000000 kernel: [    0.851681] MMIO Stale Data CPU bug present and SMT on, data leak possible. See https://www.kernel.org/doc/html/latest/admin-guide/hw-vuln/processor_mmio_stale_data.html for more details.
Aug  4 22:11:33 linone000000 kernel: [    0.853778] smp: Brought up 1 node, 8 CPUs
Aug  4 22:11:33 linone000000 kernel: [    0.854680] smpboot: Max logical packages: 1
Aug  4 22:11:33 linone000000 kernel: [    0.855677] smpboot: Total of 8 processors activated (36714.94 BogoMIPS)
Aug  4 22:11:33 linone000000 kernel: [    0.858748] devtmpfs: initialized
Aug  4 22:11:33 linone000000 kernel: [    0.859754] x86/mm: Memory block size: 128MB
Aug  4 22:11:33 linone000000 kernel: [    0.864502] ACPI: PM: Registering ACPI NVS region [mem 0x3eb39000-0x3eb40fff] (32768 bytes)
Aug  4 22:11:33 linone000000 kernel: [    0.864685] ACPI: PM: Registering ACPI NVS region [mem 0x3fffb000-0x3fffefff] (16384 bytes)
Aug  4 22:11:33 linone000000 kernel: [    0.865753] clocksource: jiffies: mask: 0xffffffff max_cycles: 0xffffffff, max_idle_ns: 1911260446275000 ns
Aug  4 22:11:33 linone000000 kernel: [    0.866715] futex hash table entries: 2048 (order: 5, 131072 bytes, linear)
Aug  4 22:11:33 linone000000 kernel: [    0.867821] pinctrl core: initialized pinctrl subsystem
Aug  4 22:11:33 linone000000 kernel: [    0.869103] PM: RTC time: 22:11:00, date: 2025-08-04
Aug  4 22:11:33 linone000000 kernel: [    0.870812] NET: Registered PF_NETLINK/PF_ROUTE protocol family
Aug  4 22:11:33 linone000000 kernel: [    0.872842] DMA: preallocated 4096 KiB GFP_KERNEL pool for atomic allocations
Aug  4 22:11:33 linone000000 kernel: [    0.874592] DMA: preallocated 4096 KiB GFP_KERNEL|GFP_DMA pool for atomic allocations
Aug  4 22:11:33 linone000000 kernel: [    0.875687] DMA: preallocated 4096 KiB GFP_KERNEL|GFP_DMA32 pool for atomic allocations
Aug  4 22:11:33 linone000000 kernel: [    0.876713] audit: initializing netlink subsys (disabled)
Aug  4 22:11:33 linone000000 kernel: [    0.877728] audit: type=2000 audit(1754345459.043:1): state=initialized audit_enabled=0 res=1
Aug  4 22:11:33 linone000000 kernel: [    0.878032] thermal_sys: Registered thermal governor 'fair_share'
Aug  4 22:11:33 linone000000 kernel: [    0.878681] thermal_sys: Registered thermal governor 'bang_bang'
Aug  4 22:11:33 linone000000 kernel: [    0.879679] thermal_sys: Registered thermal governor 'step_wise'
Aug  4 22:11:33 linone000000 kernel: [    0.880681] thermal_sys: Registered thermal governor 'user_space'
Aug  4 22:11:33 linone000000 kernel: [    0.881688] thermal_sys: Registered thermal governor 'power_allocator'
Aug  4 22:11:33 linone000000 kernel: [    0.882704] EISA bus registered
Aug  4 22:11:33 linone000000 kernel: [    0.884698] cpuidle: using governor ladder
Aug  4 22:11:33 linone000000 kernel: [    0.885692] cpuidle: using governor menu
Aug  4 22:11:33 linone000000 kernel: [    0.886780] acpiphp: ACPI Hot Plug PCI Controller Driver version: 0.5
Aug  4 22:11:33 linone000000 kernel: [    0.887881] e820: reserve RAM buffer [mem 0x019ef000-0x03ffffff]
Aug  4 22:11:33 linone000000 systemd-udevd[269]: sda15: Process '/usr/bin/unshare -m /usr/bin/snap auto-import --mount=/dev/sda15' failed with exit code 1.
Aug  4 22:11:33 linone000000 kernel: [    0.887885] e820: reserve RAM buffer [mem 0x01a00000-0x03ffffff]
Aug  4 22:11:33 linone000000 kernel: [    0.887887] e820: reserve RAM buffer [mem 0x3e7e4000-0x3fffffff]
Aug  4 22:11:33 linone000000 kernel: [    0.887889] e820: reserve RAM buffer [mem 0x3eb39000-0x3fffffff]
Aug  4 22:11:33 linone000000 kernel: [    0.887891] e820: reserve RAM buffer [mem 0x3ff41000-0x3fffffff]
Aug  4 22:11:33 linone000000 kernel: [    0.888162] kprobes: kprobe jump-optimization is enabled. All kprobes are optimized if possible.
Aug  4 22:11:33 linone000000 kernel: [    0.888821] HugeTLB: registered 1.00 GiB page size, pre-allocated 0 pages
Aug  4 22:11:33 linone000000 kernel: [    0.889726] HugeTLB: 16380 KiB vmemmap can be freed for a 1.00 GiB page
Aug  4 22:11:33 linone000000 systemd-udevd[245]: sdb1: Process '/usr/bin/unshare -m /usr/bin/snap auto-import --mount=/dev/sdb1' failed with exit code 1.
Aug  4 22:11:33 linone000000 kernel: [    0.890684] HugeTLB: registered 2.00 MiB page size, pre-allocated 0 pages
Aug  4 22:11:33 linone000000 kernel: [    0.891684] HugeTLB: 28 KiB vmemmap can be freed for a 2.00 MiB page
Aug  4 22:11:33 linone000000 kernel: [    0.909767] ACPI: Added _OSI(Module Device)
Aug  4 22:11:33 linone000000 kernel: [    0.910689] ACPI: Added _OSI(Processor Device)
Aug  4 22:11:33 linone000000 kernel: [    0.911680] ACPI: Added _OSI(3.0 _SCP Extensions)
Aug  4 22:11:33 linone000000 kernel: [    0.912683] ACPI: Added _OSI(Processor Aggregator Device)
Aug  4 22:11:33 linone000000 kernel: [    0.924542] ACPI: 1 ACPI AML tables successfully acquired and loaded
Aug  4 22:11:33 linone000000 kernel: [    0.925952] ACPI: _OSC evaluation for CPUs failed, trying _PDC
Aug  4 22:11:33 linone000000 kernel: [    0.926838] ACPI: Interpreter enabled
Aug  4 22:11:33 linone000000 kernel: [    0.927699] ACPI: PM: (supports S0 S5)
Aug  4 22:11:33 linone000000 kernel: [    0.928686] ACPI: Using IOAPIC for interrupt routing
Aug  4 22:11:33 linone000000 kernel: [    0.929775] PCI: Using host bridge windows from ACPI; if necessary, use "pci=nocrs" and report a bug
Aug  4 22:11:33 linone000000 kernel: [    0.930681] PCI: Ignoring E820 reservations for host bridge windows
Aug  4 22:11:33 linone000000 kernel: [    0.931862] ACPI: Enabled 1 GPEs in block 00 to 0F
Aug  4 22:11:33 linone000000 kernel: [    0.934469] iommu: Default domain type: Translated
Aug  4 22:11:33 linone000000 kernel: [    0.934679] iommu: DMA domain TLB invalidation policy: lazy mode
Aug  4 22:11:33 linone000000 kernel: [    0.935891] SCSI subsystem initialized
Aug  4 22:11:33 linone000000 kernel: [    0.936698] libata version 3.00 loaded.
Aug  4 22:11:33 linone000000 kernel: [    0.936720] ACPI: bus type USB registered
Aug  4 22:11:33 linone000000 kernel: [    0.937711] usbcore: registered new interface driver usbfs
Aug  4 22:11:33 linone000000 kernel: [    0.938691] usbcore: registered new interface driver hub
Aug  4 22:11:33 linone000000 kernel: [    0.939692] usbcore: registered new device driver usb
Aug  4 22:11:33 linone000000 kernel: [    0.940723] pps_core: LinuxPPS API ver. 1 registered
Aug  4 22:11:33 linone000000 systemd-udevd[267]: sda1: Process '/usr/bin/unshare -m /usr/bin/snap auto-import --mount=/dev/sda1' failed with exit code 1.
Aug  4 22:11:33 linone000000 kernel: [    0.941681] pps_core: Software ver. 5.3.6 - Copyright 2005-2007 Rodolfo Giometti <giometti@linux.it>
Aug  4 22:11:33 linone000000 kernel: [    0.942687] PTP clock support registered
Aug  4 22:11:33 linone000000 kernel: [    0.943747] EDAC MC: Ver: 3.0.0
Aug  4 22:11:33 linone000000 kernel: [    0.944855] efivars: Registered efivars operations
Aug  4 22:11:33 linone000000 kernel: [    0.946681] hv_vmbus: Vmbus version:5.3
Aug  4 22:11:33 linone000000 kernel: [    0.948107] NetLabel: Initializing
Aug  4 22:11:33 linone000000 kernel: [    0.950685] NetLabel:  domain hash size = 128
Aug  4 22:11:33 linone000000 kernel: [    0.954678] NetLabel:  protocols = UNLABELED CIPSOv4 CALIPSO
Aug  4 22:11:33 linone000000 systemd-udevd[248]: Using default interface naming scheme 'v249'.
Aug  4 22:11:33 linone000000 kernel: [    0.959715] NetLabel:  unlabeled traffic allowed by default
Aug  4 22:11:33 linone000000 kernel: [    0.965732] mctp: management component transport protocol core
Aug  4 22:11:33 linone000000 kernel: [    0.971679] NET: Registered PF_MCTP protocol family
Aug  4 22:11:33 linone000000 kernel: [    0.975702] PCI: Using ACPI for IRQ routing
Aug  4 22:11:33 linone000000 kernel: [    0.979680] PCI: System does not support PCI
Aug  4 22:11:33 linone000000 kernel: [    0.983796] vgaarb: loaded
Aug  4 22:11:33 linone000000 kernel: [    0.986912] clocksource: Switched to clocksource hyperv_clocksource_tsc_page
Aug  4 22:11:33 linone000000 kernel: [    0.996148] VFS: Disk quotas dquot_6.6.0
Aug  4 22:11:33 linone000000 kernel: [    0.999779] VFS: Dquot-cache hash table entries: 512 (order 0, 4096 bytes)
Aug  4 22:11:33 linone000000 kernel: [    1.004801] AppArmor: AppArmor Filesystem Enabled
Aug  4 22:11:33 linone000000 systemd-udevd[238]: Using default interface naming scheme 'v249'.
Aug  4 22:11:33 linone000000 kernel: [    1.009497] pnp: PnP ACPI init
Aug  4 22:11:33 linone000000 kernel: [    1.012752] pnp: PnP ACPI: found 3 devices
Aug  4 22:11:33 linone000000 kernel: [    1.024030] clocksource: acpi_pm: mask: 0xffffff max_cycles: 0xffffff, max_idle_ns: 2085701024 ns
Aug  4 22:11:33 linone000000 kernel: [    1.033031] NET: Registered PF_INET protocol family
Aug  4 22:11:33 linone000000 kernel: [    1.038519] IP idents hash table entries: 262144 (order: 9, 2097152 bytes, linear)
Aug  4 22:11:33 linone000000 kernel: [    1.066573] tcp_listen_portaddr_hash hash table entries: 16384 (order: 6, 262144 bytes, linear)
Aug  4 22:11:33 linone000000 kernel: [    1.072813] Table-perturb hash table entries: 65536 (order: 6, 262144 bytes, linear)
Aug  4 22:11:33 linone000000 kernel: [    1.080651] TCP established hash table entries: 262144 (order: 9, 2097152 bytes, linear)
Aug  4 22:11:33 linone000000 kernel: [    1.089116] TCP bind hash table entries: 65536 (order: 9, 2097152 bytes, linear)
Aug  4 22:11:33 linone000000 kernel: [    1.094702] TCP: Hash tables configured (established 262144 bind 65536)
Aug  4 22:11:33 linone000000 kernel: [    1.102397] MPTCP token hash table entries: 32768 (order: 7, 786432 bytes, linear)
Aug  4 22:11:33 linone000000 kernel: [    1.111403] UDP hash table entries: 16384 (order: 7, 524288 bytes, linear)
Aug  4 22:11:33 linone000000 kernel: [    1.118107] UDP-Lite hash table entries: 16384 (order: 7, 524288 bytes, linear)
Aug  4 22:11:33 linone000000 systemd-udevd[245]: Using default interface naming scheme 'v249'.
Aug  4 22:11:33 linone000000 systemd-udevd[268]: Using default interface naming scheme 'v249'.
Aug  4 22:11:33 linone000000 kernel: [    1.124306] NET: Registered PF_UNIX/PF_LOCAL protocol family
Aug  4 22:11:33 linone000000 kernel: [    1.127929] NET: Registered PF_XDP protocol family
Aug  4 22:11:33 linone000000 systemd[1]: Found device Virtual_Disk UEFI.
Aug  4 22:11:33 linone000000 kernel: [    1.131767] PCI: CLS 0 bytes, default 64
Aug  4 22:11:33 linone000000 kernel: [    1.135391] PCI-DMA: Using software bounce buffering for IO (SWIOTLB)
Aug  4 22:11:33 linone000000 kernel: [    1.141984] software IO TLB: mapped [mem 0x000000003a72c000-0x000000003e72c000] (64MB)
Aug  4 22:11:33 linone000000 kernel: [    1.149613] Initialise system trusted keyrings
Aug  4 22:11:33 linone000000 kernel: [    1.152553] Key type blacklist registered
Aug  4 22:11:33 linone000000 kernel: [    1.155109] workingset: timestamp_bits=36 max_order=23 bucket_order=0
Aug  4 22:11:33 linone000000 kernel: [    1.159304] zbud: loaded
Aug  4 22:11:33 linone000000 kernel: [    1.161324] squashfs: version 4.0 (2009/01/31) Phillip Lougher
Aug  4 22:11:33 linone000000 kernel: [    1.165531] fuse: init (API version 7.39)
Aug  4 22:11:33 linone000000 kernel: [    1.169955] integrity: Platform Keyring initialized
Aug  4 22:11:33 linone000000 kernel: [    1.175140] integrity: Machine keyring initialized
Aug  4 22:11:33 linone000000 kernel: [    1.195277] Key type asymmetric registered
Aug  4 22:11:33 linone000000 kernel: [    1.199223] Asymmetric key parser 'x509' registered
Aug  4 22:11:33 linone000000 kernel: [    1.204034] Block layer SCSI generic (bsg) driver version 0.4 loaded (major 244)
Aug  4 22:11:33 linone000000 kernel: [    1.213511] io scheduler mq-deadline registered
Aug  4 22:11:33 linone000000 kernel: [    1.218643] shpchp: Standard Hot Plug PCI Controller Driver version: 0.4
Aug  4 22:11:33 linone000000 kernel: [    1.225560] hv_vmbus: registering driver hv_pci
Aug  4 22:11:33 linone000000 kernel: [    1.231063] Serial: 8250/16550 driver, 32 ports, IRQ sharing enabled
Aug  4 22:11:33 linone000000 kernel: [    1.264298] 00:00: ttyS0 at I/O 0x3f8 (irq = 4, base_baud = 115200) is a 16550A
Aug  4 22:11:33 linone000000 systemd[1]: Finished Monitoring of LVM2 mirrors, snapshots etc. using dmeventd or progress polling.
Aug  4 22:11:33 linone000000 kernel: [    1.274566] Linux agpgart interface v0.103
Aug  4 22:11:33 linone000000 kernel: [    1.279000] tpm_crb VTPM0101:00: [Firmware Bug]: Bad ACPI memory layout
Aug  4 22:11:33 linone000000 kernel: [    1.303554] loop: module loaded
Aug  4 22:11:33 linone000000 kernel: [    1.306767] hv_vmbus: registering driver hv_storvsc
Aug  4 22:11:33 linone000000 kernel: [    1.311347] Key type psk registered
Aug  4 22:11:33 linone000000 kernel: [    1.313423] scsi host1: storvsc_host_t
Aug  4 22:11:33 linone000000 kernel: [    1.313482] scsi host0: storvsc_host_t
Aug  4 22:11:33 linone000000 kernel: [    1.315753] scsi 0:0:0:0: Direct-Access     Msft     Virtual Disk     1.0  PQ: 0 ANSI: 5
Aug  4 22:11:33 linone000000 systemd[1]: Reached target Preparation for Local File Systems.
Aug  4 22:11:33 linone000000 kernel: [    1.317781] ACPI: bus type drm_connector registered
Aug  4 22:11:33 linone000000 kernel: [    1.318023] tun: Universal TUN/TAP device driver, 1.6
Aug  4 22:11:33 linone000000 kernel: [    1.319217] PPP generic driver version 2.4.2
Aug  4 22:11:33 linone000000 kernel: [    1.319376] i8042: PNP: No PS/2 controller found.
Aug  4 22:11:33 linone000000 kernel: [    1.319464] mousedev: PS/2 mouse device common for all mice
Aug  4 22:11:33 linone000000 kernel: [    1.322655] rtc_cmos 00:02: registered as rtc0
Aug  4 22:11:33 linone000000 kernel: [    1.326683] scsi 0:0:0:1: Direct-Access     Msft     Virtual Disk     1.0  PQ: 0 ANSI: 5
Aug  4 22:11:33 linone000000 kernel: [    1.331161] rtc_cmos 00:02: setting system clock to 2025-08-04T22:11:00 UTC (1754345460)
Aug  4 22:11:33 linone000000 kernel: [    1.335278] scsi 0:0:0:2: CD-ROM            Msft     Virtual DVD-ROM  1.0  PQ: 0 ANSI: 0
Aug  4 22:11:33 linone000000 kernel: [    1.337268] rtc_cmos 00:02: alarms up to one month, 114 bytes nvram
Aug  4 22:11:33 linone000000 kernel: [    1.343879] sd 0:0:0:0: Attached scsi generic sg0 type 0
Aug  4 22:11:33 linone000000 kernel: [    1.344083] sd 0:0:0:0: [sda] 1048576000 512-byte logical blocks: (537 GB/500 GiB)
Aug  4 22:11:33 linone000000 kernel: [    1.344088] sd 0:0:0:0: [sda] 4096-byte physical blocks
Aug  4 22:11:33 linone000000 kernel: [    1.344217] sd 0:0:0:0: [sda] Write Protect is off
Aug  4 22:11:33 linone000000 kernel: [    1.344220] sd 0:0:0:0: [sda] Mode Sense: 0f 00 10 00
Aug  4 22:11:33 linone000000 kernel: [    1.344451] sd 0:0:0:0: [sda] Write cache: enabled, read cache: enabled, supports DPO and FUA
Aug  4 22:11:33 linone000000 kernel: [    1.346484] GPT:Primary header thinks Alt. header is not at the end of the disk.
Aug  4 22:11:33 linone000000 kernel: [    1.346486] GPT:4612095 != 1048575999
Aug  4 22:11:33 linone000000 kernel: [    1.346488] GPT:Alternate GPT header not at the end of the disk.
Aug  4 22:11:33 linone000000 kernel: [    1.346489] GPT:4612095 != 1048575999
Aug  4 22:11:33 linone000000 kernel: [    1.346490] GPT: Use GNU Parted to correct GPT errors.
Aug  4 22:11:33 linone000000 kernel: [    1.346496]  sda: sda1 sda14 sda15
Aug  4 22:11:33 linone000000 kernel: [    1.346978] sd 0:0:0:0: [sda] Attached SCSI disk
Aug  4 22:11:33 linone000000 kernel: [    1.347043] device-mapper: core: CONFIG_IMA_DISABLE_HTABLE is disabled. Duplicate IMA measurements will not be recorded in the IMA log.
Aug  4 22:11:33 linone000000 systemd[1]: Listening on Load/Save RF Kill Switch Status /dev/rfkill Watch.
Aug  4 22:11:33 linone000000 kernel: [    1.350402] sd 0:0:0:1: Attached scsi generic sg1 type 0
Aug  4 22:11:33 linone000000 kernel: [    1.350604] sd 0:0:0:1: [sdb] 134217728 512-byte logical blocks: (68.7 GB/64.0 GiB)
Aug  4 22:11:33 linone000000 kernel: [    1.350607] sd 0:0:0:1: [sdb] 4096-byte physical blocks
Aug  4 22:11:33 linone000000 kernel: [    1.350798] sd 0:0:0:1: [sdb] Write Protect is off
Aug  4 22:11:33 linone000000 kernel: [    1.350801] sd 0:0:0:1: [sdb] Mode Sense: 0f 00 10 00
Aug  4 22:11:33 linone000000 kernel: [    1.350955] sd 0:0:0:1: [sdb] Write cache: disabled, read cache: enabled, supports DPO and FUA
Aug  4 22:11:33 linone000000 systemd[1]: Mounting Mount unit for core20, revision 2599...
Aug  4 22:11:33 linone000000 kernel: [    1.352181]  sdb: sdb1
Aug  4 22:11:33 linone000000 kernel: [    1.352293] sd 0:0:0:1: [sdb] Attached SCSI disk
Aug  4 22:11:33 linone000000 kernel: [    1.357924] device-mapper: uevent: version 1.0.3
Aug  4 22:11:33 linone000000 kernel: [    1.363247] sr 0:0:0:2: [sr0] scsi-1 drive
Aug  4 22:11:33 linone000000 kernel: [    1.367764] device-mapper: ioctl: 4.48.0-ioctl (2023-03-01) initialised: dm-devel@redhat.com
Aug  4 22:11:33 linone000000 systemd[1]: Mounting Mount unit for lxd, revision 31333...
Aug  4 22:11:33 linone000000 kernel: [    1.371980] cdrom: Uniform CD-ROM driver Revision: 3.20
Aug  4 22:11:33 linone000000 kernel: [    1.373208] sr 0:0:0:2: Attached scsi CD-ROM sr0
Aug  4 22:11:33 linone000000 kernel: [    1.375336] platform eisa.0: Probing EISA bus 0
Aug  4 22:11:33 linone000000 kernel: [    1.380350] sr 0:0:0:2: Attached scsi generic sg2 type 5
Aug  4 22:11:33 linone000000 kernel: [    1.383644] platform eisa.0: EISA: Detected 0 cards
Aug  4 22:11:33 linone000000 systemd[1]: Mounting Mount unit for snapd, revision 24792...
Aug  4 22:11:33 linone000000 kernel: [    1.480924] intel_pstate: Intel P-state driver initializing
Aug  4 22:11:33 linone000000 kernel: [    1.485815] [drm] Initialized simpledrm 1.0.0 20200625 for simple-framebuffer.0 on minor 0
Aug  4 22:11:33 linone000000 kernel: [    1.496276] Console: switching to colour frame buffer device 128x48
Aug  4 22:11:33 linone000000 kernel: [    1.502364] simple-framebuffer simple-framebuffer.0: [drm] fb0: simpledrmdrmfb frame buffer device
Aug  4 22:11:33 linone000000 kernel: [    1.507664] hv_utils: Registering HyperV Utility Driver
Aug  4 22:11:33 linone000000 kernel: [    1.510898] hv_vmbus: registering driver hv_utils
Aug  4 22:11:33 linone000000 kernel: [    1.514125] hv_vmbus: registering driver hv_balloon
Aug  4 22:11:33 linone000000 kernel: [    1.514620] hv_utils: Heartbeat IC version 3.0
Aug  4 22:11:33 linone000000 kernel: [    1.518341] drop_monitor: Initializing network drop monitor service
Aug  4 22:11:33 linone000000 kernel: [    1.524039] hv_utils: TimeSync IC version 4.0
Aug  4 22:11:33 linone000000 kernel: [    1.529724] NET: Registered PF_INET6 protocol family
Aug  4 22:11:33 linone000000 kernel: [    1.534494] hv_balloon: Using Dynamic Memory protocol version 2.0
Aug  4 22:11:33 linone000000 kernel: [    1.537567] hv_utils: Shutdown IC version 3.2
Aug  4 22:11:33 linone000000 kernel: [    1.538802] Segment Routing with IPv6
Aug  4 22:11:33 linone000000 kernel: [    1.553286] In-situ OAM (IOAM) with IPv6
Aug  4 22:11:33 linone000000 kernel: [    1.556447] NET: Registered PF_PACKET protocol family
Aug  4 22:11:33 linone000000 kernel: [    1.559807] Key type dns_resolver registered
Aug  4 22:11:33 linone000000 kernel: [    1.564067] No MBM correction factor available
Aug  4 22:11:33 linone000000 kernel: [    1.566909] IPI shorthand broadcast: enabled
Aug  4 22:11:33 linone000000 kernel: [    1.572171] sched_clock: Marking stable (1511005300, 60858400)->(1956612600, -384748900)
Aug  4 22:11:33 linone000000 kernel: [    1.578096] registered taskstats version 1
Aug  4 22:11:33 linone000000 kernel: [    1.581938] Loading compiled-in X.509 certificates
Aug  4 22:11:33 linone000000 kernel: [    1.586352] Loaded X.509 cert 'Build time autogenerated kernel key: 41121b522262e65d7cf14fb3f9e9594e1c528595'
Aug  4 22:11:33 linone000000 kernel: [    1.593581] Loaded X.509 cert 'Canonical Ltd. Live Patch Signing 2025 Kmod: d541cef61dc7e793b7eb7e899970a2eef0b5dc8c'
Aug  4 22:11:33 linone000000 kernel: [    1.601284] Loaded X.509 cert 'Canonical Ltd. Live Patch Signing: 14df34d1a87cf37625abec039ef2bf521249b969'
Aug  4 22:11:33 linone000000 kernel: [    1.609043] Loaded X.509 cert 'Canonical Ltd. Kernel Module Signing: 88f752e560a1e0737e31163a466ad7b70a850c19'
Aug  4 22:11:33 linone000000 kernel: [    1.615372] blacklist: Loading compiled-in revocation X.509 certificates
Aug  4 22:11:33 linone000000 kernel: [    1.620051] Loaded X.509 cert 'Canonical Ltd. Secure Boot Signing: 61482aa2830d0ab2ad5af10b7250da9033ddcef0'
Aug  4 22:11:33 linone000000 kernel: [    1.632692] Loaded X.509 cert 'Canonical Ltd. Secure Boot Signing (2017): 242ade75ac4a15e50d50c84b0d45ff3eae707a03'
Aug  4 22:11:33 linone000000 kernel: [    1.642531] Loaded X.509 cert 'Canonical Ltd. Secure Boot Signing (ESM 2018): 365188c1d374d6b07c3c8f240f8ef722433d6a8b'
Aug  4 22:11:33 linone000000 kernel: [    1.649986] Loaded X.509 cert 'Canonical Ltd. Secure Boot Signing (2019): c0746fd6c5da3ae827864651ad66ae47fe24b3e8'
Aug  4 22:11:33 linone000000 kernel: [    1.659119] Loaded X.509 cert 'Canonical Ltd. Secure Boot Signing (2021 v1): a8d54bbb3825cfb94fa13c9f8a594a195c107b8d'
Aug  4 22:11:33 linone000000 kernel: [    1.670014] Loaded X.509 cert 'Canonical Ltd. Secure Boot Signing (2021 v2): 4cf046892d6fd3c9a5b03f98d845f90851dc6a8c'
Aug  4 22:11:33 linone000000 kernel: [    1.684033] Loaded X.509 cert 'Canonical Ltd. Secure Boot Signing (2021 v3): 100437bb6de6e469b581e61cd66bce3ef4ed53af'
Aug  4 22:11:33 linone000000 kernel: [    1.698981] Loaded X.509 cert 'Canonical Ltd. Secure Boot Signing (Ubuntu Core 2019): c1d57b8f6b743f23ee41f4f7ee292f06eecadfb9'
Aug  4 22:11:33 linone000000 kernel: [    1.716681] Key type .fscrypt registered
Aug  4 22:11:33 linone000000 kernel: [    1.721797] Key type fscrypt-provisioning registered
Aug  4 22:11:33 linone000000 kernel: [    1.735062] Key type trusted registered
Aug  4 22:11:33 linone000000 kernel: [    1.742394] Key type encrypted registered
Aug  4 22:11:33 linone000000 kernel: [    1.745947] AppArmor: AppArmor sha256 policy hashing enabled
Aug  4 22:11:33 linone000000 kernel: [    1.751466] integrity: Loading X.509 certificate: UEFI:db
Aug  4 22:11:33 linone000000 kernel: [    1.756340] integrity: Loaded X.509 cert 'Microsoft Corporation UEFI CA 2011: 13adbf4309bd82709c8cd54f316ed522988a1bd4'
Aug  4 22:11:33 linone000000 kernel: [    1.766903] integrity: Loading X.509 certificate: UEFI:db
Aug  4 22:11:33 linone000000 kernel: [    1.773100] integrity: Loaded X.509 cert 'Microsoft UEFI CA 2023: 81aa6b3244c935bce0d6628af39827421e32497d'
Aug  4 22:11:33 linone000000 kernel: [    1.781213] integrity: Loading X.509 certificate: UEFI:db
Aug  4 22:11:33 linone000000 kernel: [    1.787123] integrity: Loaded X.509 cert 'Microsoft Corporation: Azure Services Linux Kmod PCA: 697cc4f41a2209a7abd0604c1f196f4d8c5735d9'
Aug  4 22:11:33 linone000000 kernel: [    1.801897] integrity: Loading X.509 certificate: UEFI:MokListRT (MOKvar table)
Aug  4 22:11:33 linone000000 kernel: [    1.809801] integrity: Loaded X.509 cert 'Canonical Ltd. Master Certificate Authority: ad91990bc22ab1f517048c23b6655a268e345a63'
Aug  4 22:11:33 linone000000 kernel: [    1.821455] Loading compiled-in module X.509 certificates
Aug  4 22:11:33 linone000000 kernel: [    1.828693] Loaded X.509 cert 'Build time autogenerated kernel key: 41121b522262e65d7cf14fb3f9e9594e1c528595'
Aug  4 22:11:33 linone000000 kernel: [    1.837683] ima: Allocated hash algorithm: sha256
Aug  4 22:11:33 linone000000 systemd[1]: Started Hyper-V KVP Protocol Daemon.
Aug  4 22:11:33 linone000000 systemd[1]: Starting File System Check on /dev/disk/by-uuid/03B6-4352...
Aug  4 22:11:33 linone000000 KVP: KVP starting; pid is:445
Aug  4 22:11:33 linone000000 systemd[1]: Mounted Mount unit for core20, revision 2599.
Aug  4 22:11:33 linone000000 systemd[1]: Mounted Mount unit for lxd, revision 31333.
Aug  4 22:11:33 linone000000 systemd[1]: Mounted Mount unit for snapd, revision 24792.
Aug  4 22:11:33 linone000000 systemd[1]: Reached target Mounted snaps.
Aug  4 22:11:33 linone000000 KVP: KVP LIC Version: 3.1
Aug  4 22:11:33 linone000000 systemd-udevd[246]: Using default interface naming scheme 'v249'.
Aug  4 22:11:33 linone000000 systemd-fsck[450]: fsck.fat 4.2 (2021-01-31)
Aug  4 22:11:33 linone000000 systemd-fsck[450]: /dev/sda15: 12 files, 12387/213663 clusters
Aug  4 22:11:33 linone000000 systemd[1]: Finished File System Check on /dev/disk/by-uuid/03B6-4352.
Aug  4 22:11:33 linone000000 kernel: [    1.854762] audit: type=1807 audit(1754345461.833:2): action=measure func=KEXEC_KERNEL_CHECK res=1
Aug  4 22:11:33 linone000000 kernel: [    1.854924] evm: Initialising EVM extended attributes:
Aug  4 22:11:33 linone000000 kernel: [    1.862132] audit: type=1807 audit(1754345461.833:3): action=measure func=MODULE_CHECK res=1
Aug  4 22:11:33 linone000000 kernel: [    1.867407] evm: security.selinux
Aug  4 22:11:33 linone000000 kernel: [    1.880223] evm: security.SMACK64
Aug  4 22:11:33 linone000000 kernel: [    1.883771] evm: security.SMACK64EXEC
Aug  4 22:11:33 linone000000 kernel: [    1.888090] evm: security.SMACK64TRANSMUTE
Aug  4 22:11:33 linone000000 kernel: [    1.892986] evm: security.SMACK64MMAP
Aug  4 22:11:33 linone000000 kernel: [    1.897609] evm: security.apparmor
Aug  4 22:11:33 linone000000 kernel: [    1.901381] evm: security.ima
Aug  4 22:11:33 linone000000 kernel: [    1.904758] evm: security.capability
Aug  4 22:11:33 linone000000 kernel: [    1.908996] evm: HMAC attrs: 0x1
Aug  4 22:11:33 linone000000 kernel: [    1.912711] PM:   Magic number: 5:264:198
Aug  4 22:11:33 linone000000 kernel: [    1.922090] RAS: Correctable Errors collector initialized.
Aug  4 22:11:33 linone000000 kernel: [    1.928219] Lockdown: swapper/0: hibernation is restricted; see man kernel_lockdown.7
Aug  4 22:11:33 linone000000 kernel: [    1.937581] clk: Disabling unused clocks
Aug  4 22:11:33 linone000000 kernel: [    1.945099] md: Waiting for all devices to be available before autodetect
Aug  4 22:11:33 linone000000 kernel: [    1.948076] md: If you don't use raid, use raid=noautodetect
Aug  4 22:11:33 linone000000 kernel: [    1.953671] md: Autodetecting RAID arrays.
Aug  4 22:11:33 linone000000 kernel: [    1.956961] md: autorun ...
Aug  4 22:11:33 linone000000 kernel: [    1.958248] md: ... autorun DONE.
Aug  4 22:11:33 linone000000 kernel: [    1.962039] EXT4-fs (sda1): mounted filesystem 76ad26e1-60f8-449e-8051-e6cd77917d44 ro with ordered data mode. Quota mode: none.
Aug  4 22:11:33 linone000000 kernel: [    1.967965] VFS: Mounted root (ext4 filesystem) readonly on device 8:1.
Aug  4 22:11:33 linone000000 kernel: [    1.975236] devtmpfs: mounted
Aug  4 22:11:33 linone000000 kernel: [    1.978231] Freeing unused decrypted memory: 2028K
Aug  4 22:11:33 linone000000 kernel: [    1.982545] Freeing unused kernel image (initmem) memory: 4764K
Aug  4 22:11:33 linone000000 kernel: [    1.986146] Write protecting the kernel read-only data: 34816k
Aug  4 22:11:33 linone000000 kernel: [    1.989157] Freeing unused kernel image (rodata/data gap) memory: 772K
Aug  4 22:11:33 linone000000 kernel: [    2.052439] x86/mm: Checked W+X mappings: passed, no W+X pages found.
Aug  4 22:11:33 linone000000 kernel: [    2.055270] x86/mm: Checking user space page tables
Aug  4 22:11:33 linone000000 kernel: [    2.122192] x86/mm: Checked W+X mappings: passed, no W+X pages found.
Aug  4 22:11:33 linone000000 kernel: [    2.125329] Run /sbin/init as init process
Aug  4 22:11:33 linone000000 kernel: [    2.127001]   with arguments:
Aug  4 22:11:33 linone000000 kernel: [    2.127004]     /sbin/init
Aug  4 22:11:33 linone000000 kernel: [    2.127006]   with environment:
Aug  4 22:11:33 linone000000 kernel: [    2.127007]     HOME=/
Aug  4 22:11:33 linone000000 kernel: [    2.127009]     TERM=linux
Aug  4 22:11:33 linone000000 kernel: [    2.127010]     BOOT_IMAGE=/boot/vmlinuz-6.8.0-1031-azure
Aug  4 22:11:33 linone000000 kernel: [    2.172498] systemd[1]: Inserted module 'autofs4'
Aug  4 22:11:33 linone000000 kernel: [    2.203531] systemd[1]: systemd 249.11-0ubuntu3.16 running in system mode (+PAM +AUDIT +SELINUX +APPARMOR +IMA +SMACK +SECCOMP +GCRYPT +GNUTLS +OPENSSL +ACL +BLKID +CURL +ELFUTILS +FIDO2 +IDN2 -IDN +IPTC +KMOD +LIBCRYPTSETUP +LIBFDISK +PCRE2 -PWQUALITY -P11KIT -QRENCODE +BZIP2 +LZ4 +XZ +ZLIB +ZSTD -XKBCOMMON +UTMP +SYSVINIT default-hierarchy=unified)
Aug  4 22:11:33 linone000000 kernel: [    2.219431] systemd[1]: Detected virtualization microsoft.
Aug  4 22:11:33 linone000000 kernel: [    2.222028] systemd[1]: Detected architecture x86-64.
Aug  4 22:11:33 linone000000 kernel: [    2.231731] systemd[1]: Hostname set to <ubuntu>.
Aug  4 22:11:33 linone000000 kernel: [    2.235451] systemd[1]: Initializing machine ID from random generator.
Aug  4 22:11:33 linone000000 kernel: [    2.239460] systemd[1]: Installed transient /etc/machine-id file.
Aug  4 22:11:33 linone000000 kernel: [    2.245328] Lockdown: systemd: /dev/mem,kmem,port is restricted; see man kernel_lockdown.7
Aug  4 22:11:33 linone000000 kernel: [    2.289217] block sda: the capability attribute has been deprecated.
Aug  4 22:11:33 linone000000 kernel: [    2.357522] systemd[1]: Configuration file /run/systemd/system/netplan-ovs-cleanup.service is marked world-inaccessible. This has no effect as configuration data is accessible via APIs without restrictions. Proceeding anyway.
Aug  4 22:11:33 linone000000 kernel: [    2.392042] systemd[1]: /lib/systemd/system/snapd.service:23: Unknown key name 'RestartMode' in section 'Service', ignoring.
Aug  4 22:11:33 linone000000 kernel: [    2.478607] systemd[1]: Queued start job for default target Graphical Interface.
Aug  4 22:11:33 linone000000 kernel: [    2.482270] systemd[1]: Unnecessary job was removed for /sys/devices/virtual/misc/vmbus!hv_vss.
Aug  4 22:11:33 linone000000 kernel: [    2.488138] systemd[1]: Unnecessary job was removed for /sys/devices/virtual/misc/vmbus!hv_fcopy.
Aug  4 22:11:33 linone000000 kernel: [    2.503695] systemd[1]: Created slice Slice /system/modprobe.
Aug  4 22:11:33 linone000000 kernel: [    2.511454] systemd[1]: Created slice Slice /system/serial-getty.
Aug  4 22:11:33 linone000000 kernel: [    2.517159] systemd[1]: Created slice Slice /system/systemd-fsck.
Aug  4 22:11:33 linone000000 kernel: [    2.522015] systemd[1]: Created slice User and Session Slice.
Aug  4 22:11:33 linone000000 kernel: [    2.528221] systemd[1]: Started Forward Password Requests to Wall Directory Watch.
Aug  4 22:11:33 linone000000 kernel: [    2.535141] systemd[1]: Set up automount Arbitrary Executable File Formats File System Automount Point.
Aug  4 22:11:33 linone000000 kernel: [    2.543381] systemd[1]: Reached target Slice Units.
Aug  4 22:11:33 linone000000 kernel: [    2.550252] systemd[1]: Reached target Mounting snaps.
Aug  4 22:11:33 linone000000 kernel: [    2.554212] systemd[1]: Reached target Swaps.
Aug  4 22:11:33 linone000000 kernel: [    2.557753] systemd[1]: Reached target System Time Set.
Aug  4 22:11:33 linone000000 kernel: [    2.565024] systemd[1]: Reached target Local Verity Protected Volumes.
Aug  4 22:11:33 linone000000 kernel: [    2.573019] systemd[1]: Listening on Device-mapper event daemon FIFOs.
Aug  4 22:11:33 linone000000 kernel: [    2.580486] systemd[1]: Listening on LVM2 poll daemon socket.
Aug  4 22:11:33 linone000000 kernel: [    2.585522] systemd[1]: Listening on multipathd control socket.
Aug  4 22:11:33 linone000000 kernel: [    2.591649] systemd[1]: Listening on Syslog Socket.
Aug  4 22:11:33 linone000000 kernel: [    2.595612] systemd[1]: Listening on fsck to fsckd communication Socket.
Aug  4 22:11:33 linone000000 kernel: [    2.600477] systemd[1]: Listening on initctl Compatibility Named Pipe.
Aug  4 22:11:33 linone000000 kernel: [    2.605204] systemd[1]: Listening on Journal Audit Socket.
Aug  4 22:11:33 linone000000 kernel: [    2.612069] systemd[1]: Listening on Journal Socket (/dev/log).
Aug  4 22:11:33 linone000000 kernel: [    2.616381] systemd[1]: Listening on Journal Socket.
Aug  4 22:11:33 linone000000 kernel: [    2.624181] systemd[1]: Listening on Network Service Netlink Socket.
Aug  4 22:11:33 linone000000 kernel: [    2.628628] systemd[1]: Listening on udev Control Socket.
Aug  4 22:11:33 linone000000 kernel: [    2.633398] systemd[1]: Listening on udev Kernel Socket.
Aug  4 22:11:33 linone000000 kernel: [    2.648115] systemd[1]: Mounting Huge Pages File System...
Aug  4 22:11:33 linone000000 kernel: [    2.653812] systemd[1]: Mounting POSIX Message Queue File System...
Aug  4 22:11:33 linone000000 kernel: [    2.659815] systemd[1]: Mounting Kernel Debug File System...
Aug  4 22:11:33 linone000000 kernel: [    2.664635] systemd[1]: Mounting Kernel Trace File System...
Aug  4 22:11:33 linone000000 kernel: [    2.674327] systemd[1]: Starting Journal Service...
Aug  4 22:11:33 linone000000 kernel: [    2.680235] systemd[1]: Starting Set the console keyboard layout...
Aug  4 22:11:33 linone000000 kernel: [    2.689179] systemd[1]: Starting Create List of Static Device Nodes...
Aug  4 22:11:33 linone000000 kernel: [    2.694783] systemd[1]: Starting Monitoring of LVM2 mirrors, snapshots etc. using dmeventd or progress polling...
Aug  4 22:11:33 linone000000 kernel: [    2.705911] systemd[1]: Condition check resulted in LXD - agent being skipped.
Aug  4 22:11:33 linone000000 kernel: [    2.711794] systemd[1]: Starting Load Kernel Module configfs...
Aug  4 22:11:33 linone000000 kernel: [    2.722584] systemd[1]: Starting Load Kernel Module drm...
Aug  4 22:11:33 linone000000 kernel: [    2.731271] systemd[1]: Starting Load Kernel Module efi_pstore...
Aug  4 22:11:33 linone000000 kernel: [    2.740013] systemd[1]: Starting Load Kernel Module fuse...
Aug  4 22:11:33 linone000000 kernel: [    2.742757] pstore: Using crash dump compression: deflate
Aug  4 22:11:33 linone000000 kernel: [    2.747694] systemd[1]: Condition check resulted in OpenVSwitch configuration for cleanup being skipped.
Aug  4 22:11:33 linone000000 kernel: [    2.751890] pstore: Registered efi_pstore as persistent store backend
Aug  4 22:11:33 linone000000 kernel: [    2.752285] systemd[1]: Starting File System Check on Root Device...
Aug  4 22:11:33 linone000000 kernel: [    2.761710] systemd[1]: Starting Load Kernel Modules...
Aug  4 22:11:33 linone000000 kernel: [    2.765119] systemd[1]: Starting Coldplug All udev Devices...
Aug  4 22:11:33 linone000000 kernel: [    2.770164] systemd[1]: Started Journal Service.
Aug  4 22:11:33 linone000000 kernel: [    2.871947] EXT4-fs (sda1): re-mounted 76ad26e1-60f8-449e-8051-e6cd77917d44 r/w. Quota mode: none.
Aug  4 22:11:33 linone000000 kernel: [    2.891694] alua: device handler registered
Aug  4 22:11:33 linone000000 kernel: [    2.895234] systemd-journald[186]: Received client request to flush runtime journal.
Aug  4 22:11:33 linone000000 kernel: [    2.895988] emc: device handler registered
Aug  4 22:11:33 linone000000 kernel: [    2.901084] rdac: device handler registered
Aug  4 22:11:33 linone000000 kernel: [    3.096546] hv_vmbus: registering driver hyperv_keyboard
Aug  4 22:11:33 linone000000 kernel: [    3.102472] input: AT Translated Set 2 keyboard as /devices/LNXSYSTM:00/LNXSYBUS:00/ACPI0004:00/VMBUS:00/d34b2567-b9b6-42b9-8778-0a4ec0b955bf/serio0/input/input0
Aug  4 22:11:33 linone000000 kernel: [    3.102655] hv_vmbus: registering driver hyperv_drm
Aug  4 22:11:33 linone000000 kernel: [    3.104103] hyperv_drm 5620e0c7-8062-4dce-aeb7-520c7ef76171: [drm] Synthvid Version major 3, minor 5
Aug  4 22:11:33 linone000000 kernel: [    3.110064] hv_vmbus: registering driver hv_netvsc
Aug  4 22:11:33 linone000000 kernel: [    3.110783] hid: raw HID events driver (C) Jiri Kosina
Aug  4 22:11:33 linone000000 kernel: [    3.117205] Console: switching to colour dummy device 80x25
Aug  4 22:11:33 linone000000 kernel: [    3.150980] [drm] Initialized hyperv_drm 1.0.0 2020 for 5620e0c7-8062-4dce-aeb7-520c7ef76171 on minor 1
Aug  4 22:11:33 linone000000 kernel: [    3.154937] cryptd: max_cpu_qlen set to 1000
Aug  4 22:11:33 linone000000 kernel: [    3.285375] hv_netvsc 0022487b-28e7-0022-487b-28e70022487b eth0: VF slot 1 added
Aug  4 22:11:33 linone000000 kernel: [    3.292337] hv_pci fb0d6687-f106-42fb-a07f-12ae62a03028: PCI VMBus probing: Using version 0x10004
Aug  4 22:11:33 linone000000 kernel: [    3.294035] hv_pci fb0d6687-f106-42fb-a07f-12ae62a03028: PCI host bridge to bus f106:00
Aug  4 22:11:33 linone000000 kernel: [    3.294039] pci_bus f106:00: root bus resource [mem 0xfe0000000-0xfe07fffff window]
Aug  4 22:11:33 linone000000 kernel: [    3.294044] pci_bus f106:00: No busn resource found for root bus, will use [bus 00-ff]
Aug  4 22:11:33 linone000000 kernel: [    3.303678] pci f106:00:02.0: [15b3:1004] type 00 class 0x020000 PCIe Endpoint
Aug  4 22:11:33 linone000000 kernel: [    3.308283] pci f106:00:02.0: BAR 2 [mem 0xfe0000000-0xfe07fffff 64bit pref]
Aug  4 22:11:33 linone000000 kernel: [    3.465954] pci_bus f106:00: busn_res: [bus 00-ff] end is updated to 00
Aug  4 22:11:33 linone000000 kernel: [    3.465968] pci f106:00:02.0: BAR 2 [mem 0xfe0000000-0xfe07fffff 64bit pref]: assigned
Aug  4 22:11:33 linone000000 kernel: [    3.668041] Console: switching to colour frame buffer device 128x48
Aug  4 22:11:33 linone000000 kernel: [    3.841552] hyperv_drm 5620e0c7-8062-4dce-aeb7-520c7ef76171: [drm] fb0: hyperv_drmdrmfb frame buffer device
Aug  4 22:11:33 linone000000 kernel: [    6.085660] mlx4_core: Mellanox ConnectX core driver v4.0-0
Aug  4 22:11:33 linone000000 kernel: [    6.085688] mlx4_core: Initializing f106:00:02.0
Aug  4 22:11:33 linone000000 kernel: [    6.474874] workqueue: drm_fb_helper_damage_work hogged CPU for >10000us 4 times, consider switching to WQ_UNBOUND
Aug  4 22:11:33 linone000000 kernel: [    7.998504] mlx4_core f106:00:02.0: enabling device (0000 -> 0002)
Aug  4 22:11:33 linone000000 kernel: [    8.516650] hv_vmbus: registering driver hid_hyperv
Aug  4 22:11:33 linone000000 kernel: [    8.516678] mlx4_core f106:00:02.0: Detected virtual function - running in slave mode
Aug  4 22:11:33 linone000000 kernel: [    8.516729] mlx4_core f106:00:02.0: Sending reset
Aug  4 22:11:33 linone000000 kernel: [    8.516890] mlx4_core f106:00:02.0: Sending vhcr0
Aug  4 22:11:33 linone000000 kernel: [    8.518591] mlx4_core f106:00:02.0: HCA minimum page size:512
Aug  4 22:11:33 linone000000 kernel: [    8.519315] mlx4_core f106:00:02.0: Timestamping is not supported in slave mode
Aug  4 22:11:33 linone000000 kernel: [    8.520465] input: Microsoft Vmbus HID-compliant Mouse as /devices/0006:045E:0621.0001/input/input1
Aug  4 22:11:33 linone000000 kernel: [    8.521997] hid-hyperv 0006:045E:0621.0001: input: VIRTUAL HID v0.01 Mouse [Microsoft Vmbus HID-compliant Mouse] on 
Aug  4 22:11:33 linone000000 kernel: [    8.533504] AVX2 version of gcm_enc/dec engaged.
Aug  4 22:11:33 linone000000 kernel: [    8.534049] AES CTR mode by8 optimization enabled
Aug  4 22:11:33 linone000000 kernel: [    9.477872] workqueue: drm_fb_helper_damage_work hogged CPU for >10000us 8 times, consider switching to WQ_UNBOUND
Aug  4 22:11:33 linone000000 kernel: [   11.159176] loop0: detected capacity change from 0 to 130592
Aug  4 22:11:33 linone000000 kernel: [   11.160420] loop1: detected capacity change from 0 to 183096
Aug  4 22:11:33 linone000000 kernel: [   11.164613] mlx4_en: Mellanox ConnectX HCA Ethernet driver v4.0-0
Aug  4 22:11:33 linone000000 kernel: [   11.170455] mlx4_en f106:00:02.0: Activating port:1
Aug  4 22:11:33 linone000000 kernel: [   11.177796] loop2: detected capacity change from 0 to 100952
Aug  4 22:11:33 linone000000 kernel: [   11.189564] mlx4_en: f106:00:02.0: Port 1: Using 8 TX rings
Aug  4 22:11:33 linone000000 kernel: [   11.189571] mlx4_en: f106:00:02.0: Port 1: Using 8 RX rings
Aug  4 22:11:33 linone000000 kernel: [   11.189788] mlx4_en: f106:00:02.0: Port 1: Initializing port
Aug  4 22:11:33 linone000000 kernel: [   11.190588] hv_netvsc 0022487b-28e7-0022-487b-28e70022487b eth0: VF registering: eth4
Aug  4 22:11:33 linone000000 kernel: [   11.190627] mlx4_core f106:00:02.0 eth4: joined to eth0
Aug  4 22:11:33 linone000000 kernel: [   11.195344] hv_utils: KVP IC version 4.0
Aug  4 22:11:33 linone000000 kernel: [   11.336426] kvm_intel: Using Hyper-V Enlightened VMCS
Aug  4 22:11:33 linone000000 kernel: [   11.338754] audit: type=1400 audit(1754345471.317:4): apparmor="STATUS" operation="profile_load" profile="unconfined" name="/usr/lib/snapd/snap-confine" pid=481 comm="apparmor_parser"
Aug  4 22:11:33 linone000000 kernel: [   11.339339] audit: type=1400 audit(1754345471.317:5): apparmor="STATUS" operation="profile_load" profile="unconfined" name="/usr/lib/snapd/snap-confine//mount-namespace-capture-helper" pid=481 comm="apparmor_parser"
Aug  4 22:11:33 linone000000 kernel: [   11.343095] audit: type=1400 audit(1754345471.320:6): apparmor="STATUS" operation="profile_load" profile="unconfined" name="tcpdump" pid=480 comm="apparmor_parser"
Aug  4 22:11:33 linone000000 kernel: [   11.343173] mlx4_core f106:00:02.0 enP61702s1: renamed from eth4
Aug  4 22:11:33 linone000000 kernel: [   11.344024] audit: type=1400 audit(1754345471.323:7): apparmor="STATUS" operation="profile_load" profile="unconfined" name="nvidia_modprobe" pid=475 comm="apparmor_parser"
Aug  4 22:11:33 linone000000 kernel: [   11.344032] audit: type=1400 audit(1754345471.323:8): apparmor="STATUS" operation="profile_load" profile="unconfined" name="nvidia_modprobe//kmod" pid=475 comm="apparmor_parser"
Aug  4 22:11:33 linone000000 kernel: [   11.344467] audit: type=1400 audit(1754345471.323:9): apparmor="STATUS" operation="profile_load" profile="unconfined" name="lsb_release" pid=474 comm="apparmor_parser"
Aug  4 22:11:33 linone000000 kernel: [   11.347211] audit: type=1400 audit(1754345471.326:10): apparmor="STATUS" operation="profile_load" profile="unconfined" name="/usr/bin/man" pid=479 comm="apparmor_parser"
Aug  4 22:11:33 linone000000 kernel: [   11.347222] audit: type=1400 audit(1754345471.326:11): apparmor="STATUS" operation="profile_load" profile="unconfined" name="man_filter" pid=479 comm="apparmor_parser"
Aug  4 22:11:33 linone000000 kernel: [   11.347229] audit: type=1400 audit(1754345471.326:12): apparmor="STATUS" operation="profile_load" profile="unconfined" name="man_groff" pid=479 comm="apparmor_parser"
Aug  4 22:11:33 linone000000 kernel: [   11.350385] audit: type=1400 audit(1754345471.329:13): apparmor="STATUS" operation="profile_load" profile="unconfined" name="/usr/sbin/chronyd" pid=485 comm="apparmor_parser"
Aug  4 22:11:33 linone000000 kernel: [   12.026846] UDF-fs: INFO Mounting volume 'UDF Volume', timestamp 2025/08/05 00:00 (1000)
Aug  4 22:11:33 linone000000 kernel: [   12.091683] mlx4_en: enP61702s1: Steering Mode 2
Aug  4 22:11:33 linone000000 systemd[1]: Mounting /boot/efi...
Aug  4 22:11:33 linone000000 systemd[1]: Mounted /boot/efi.
Aug  4 22:11:33 linone000000 systemd[1]: Reached target Local File Systems.
Aug  4 22:11:33 linone000000 systemd[1]: Starting Load AppArmor profiles...
Aug  4 22:11:33 linone000000 systemd[1]: Starting Set console font and keymap...
Aug  4 22:11:33 linone000000 apparmor.systemd[463]: Restarting AppArmor
Aug  4 22:11:33 linone000000 apparmor.systemd[463]: Reloading AppArmor profiles
Aug  4 22:11:33 linone000000 systemd[1]: Starting Create final runtime dir for shutdown pivot root...
Aug  4 22:11:33 linone000000 systemd[1]: Starting Tell Plymouth To Write Out Runtime Data...
Aug  4 22:11:33 linone000000 systemd[1]: Starting Set Up Additional Binary Formats...
Aug  4 22:11:33 linone000000 systemd[1]: Condition check resulted in Store a System Token in an EFI Variable being skipped.
Aug  4 22:11:33 linone000000 systemd[1]: Starting Commit a transient machine-id on disk...
Aug  4 22:11:33 linone000000 systemd[1]: Starting Create Volatile Files and Directories...
Aug  4 22:11:33 linone000000 systemd[1]: Starting Uncomplicated firewall...
Aug  4 22:11:33 linone000000 apparmor.systemd[487]: Skipping profile in /etc/apparmor.d/disable: usr.sbin.rsyslogd
Aug  4 22:11:33 linone000000 systemd[1]: Finished Set console font and keymap.
Aug  4 22:11:33 linone000000 systemd[1]: Finished Create final runtime dir for shutdown pivot root.
Aug  4 22:11:33 linone000000 systemd[1]: Finished Tell Plymouth To Write Out Runtime Data.
Aug  4 22:11:33 linone000000 systemd[1]: Finished Uncomplicated firewall.
Aug  4 22:11:33 linone000000 systemd[1]: proc-sys-fs-binfmt_misc.automount: Got automount request for /proc/sys/fs/binfmt_misc, triggered by 482 (systemd-binfmt)
Aug  4 22:11:33 linone000000 systemd[1]: Mounting Arbitrary Executable File Formats File System...
Aug  4 22:11:33 linone000000 systemd[1]: Finished Load AppArmor profiles.
Aug  4 22:11:33 linone000000 systemd[1]: Starting Load AppArmor profiles managed internally by snapd...
Aug  4 22:11:33 linone000000 systemd[1]: Finished Create Volatile Files and Directories.
Aug  4 22:11:33 linone000000 systemd[1]: Mounted Arbitrary Executable File Formats File System.
Aug  4 22:11:33 linone000000 systemd[1]: Starting Record System Boot/Shutdown in UTMP...
Aug  4 22:11:33 linone000000 systemd[1]: Condition check resulted in Authentication service for virtual machines hosted on VMware being skipped.
Aug  4 22:11:33 linone000000 systemd[1]: Condition check resulted in Service for virtual machines hosted on VMware being skipped.
Aug  4 22:11:33 linone000000 systemd[1]: Starting Cloud-init: Local Stage (pre-network)...
Aug  4 22:11:33 linone000000 systemd[1]: Finished Set Up Additional Binary Formats.
Aug  4 22:11:33 linone000000 systemd-udevd[266]: Using default interface naming scheme 'v249'.
Aug  4 22:11:33 linone000000 systemd[1]: Finished Record System Boot/Shutdown in UTMP.
Aug  4 22:11:33 linone000000 systemd[1]: etc-machine\x2did.mount: Deactivated successfully.
Aug  4 22:11:33 linone000000 systemd[1]: Finished Commit a transient machine-id on disk.
Aug  4 22:11:33 linone000000 snapd-apparmor[490]: main.go:146: Loading profiles [/var/lib/snapd/apparmor/profiles/snap-confine.snapd.24792 /var/lib/snapd/apparmor/profiles/snap-update-ns.lxd /var/lib/snapd/apparmor/profiles/snap.lxd.activate /var/lib/snapd/apparmor/profiles/snap.lxd.benchmark /var/lib/snapd/apparmor/profiles/snap.lxd.buginfo /var/lib/snapd/apparmor/profiles/snap.lxd.check-kernel /var/lib/snapd/apparmor/profiles/snap.lxd.daemon /var/lib/snapd/apparmor/profiles/snap.lxd.hook.configure /var/lib/snapd/apparmor/profiles/snap.lxd.hook.install /var/lib/snapd/apparmor/profiles/snap.lxd.hook.remove /var/lib/snapd/apparmor/profiles/snap.lxd.lxc /var/lib/snapd/apparmor/profiles/snap.lxd.lxc-to-lxd /var/lib/snapd/apparmor/profiles/snap.lxd.lxd /var/lib/snapd/apparmor/profiles/snap.lxd.migrate /var/lib/snapd/apparmor/profiles/snap.lxd.user-daemon]
Aug  4 22:11:33 linone000000 systemd[1]: Finished Load AppArmor profiles managed internally by snapd.
Aug  4 22:11:33 linone000000 cloud-init[526]: Cloud-init v. 25.1.4-0ubuntu0~22.04.1 running 'init-local' at Mon, 04 Aug 2025 22:11:11 +0000. Up 11.84 seconds.
Aug  4 22:11:33 linone000000 dhclient[537]: Internet Systems Consortium DHCP Client 4.4.1
Aug  4 22:11:33 linone000000 dhclient[537]: Copyright 2004-2018 Internet Systems Consortium.
Aug  4 22:11:33 linone000000 dhclient[537]: All rights reserved.
Aug  4 22:11:33 linone000000 dhclient[537]: For info, please visit https://www.isc.org/software/dhcp/
Aug  4 22:11:33 linone000000 dhclient[537]: 
Aug  4 22:11:33 linone000000 dhclient[541]: execve (/bin/true, ...): Permission denied
Aug  4 22:11:33 linone000000 dhclient[537]: Listening on LPF/eth0/00:22:48:7b:28:e7
Aug  4 22:11:33 linone000000 dhclient[537]: Sending on   LPF/eth0/00:22:48:7b:28:e7
Aug  4 22:11:33 linone000000 dhclient[537]: Sending on   Socket/fallback
Aug  4 22:11:33 linone000000 kernel: [   12.120098] mlx4_en: enP61702s1: Link Up
Aug  4 22:11:33 linone000000 kernel: [   12.148095] hv_netvsc 0022487b-28e7-0022-487b-28e70022487b eth0: Data path switched to VF: enP61702s1
Aug  4 22:11:33 linone000000 kernel: [   12.515549] hv_netvsc 0022487b-28e7-0022-487b-28e70022487b eth0: Data path switched from VF: enP61702s1
Aug  4 22:11:33 linone000000 kernel: [   12.516094] mlx4_en: enP61702s1: Close port called
Aug  4 22:11:33 linone000000 kernel: [   13.081927] mlx4_en: enP61702s1: Steering Mode 2
Aug  4 22:11:33 linone000000 kernel: [   13.102833] mlx4_en: enP61702s1: Link Up
Aug  4 22:11:33 linone000000 kernel: [   13.129184] hv_netvsc 0022487b-28e7-0022-487b-28e70022487b eth0: Data path switched to VF: enP61702s1
Aug  4 22:11:33 linone000000 kernel: [   15.037805] hv_storvsc f8b3781a-1e82-4818-a1c3-63d806ec15bb: tag#400 cmd 0x28 status: scsi 0x2 srb 0x84 hv 0xc0000001
Aug  4 22:11:33 linone000000 kernel: [   15.037825] sr 0:0:0:2: [sr0] tag#400 FAILED Result: hostbyte=DID_OK driverbyte=DRIVER_OK cmd_age=0s
Aug  4 22:11:33 linone000000 kernel: [   15.037831] sr 0:0:0:2: [sr0] tag#400 Sense Key : Not Ready [current] 
Aug  4 22:11:33 linone000000 kernel: [   15.037837] sr 0:0:0:2: [sr0] tag#400 Add. Sense: Medium not present - tray open
Aug  4 22:11:33 linone000000 kernel: [   15.037842] sr 0:0:0:2: [sr0] tag#400 CDB: Read(10) 28 00 00 00 00 02 00 00 02 00
Aug  4 22:11:33 linone000000 kernel: [   15.037846] I/O error, dev sr0, sector 8 op 0x0:(READ) flags 0x80700 phys_seg 1 prio class 0
Aug  4 22:11:33 linone000000 kernel: [   15.041361] hv_storvsc f8b3781a-1e82-4818-a1c3-63d806ec15bb: tag#401 cmd 0x28 status: scsi 0x2 srb 0x84 hv 0xc0000001
Aug  4 22:11:33 linone000000 kernel: [   15.041368] sr 0:0:0:2: [sr0] tag#401 FAILED Result: hostbyte=DID_OK driverbyte=DRIVER_OK cmd_age=0s
Aug  4 22:11:33 linone000000 kernel: [   15.041371] sr 0:0:0:2: [sr0] tag#401 Sense Key : Not Ready [current] 
Aug  4 22:11:33 linone000000 kernel: [   15.041373] sr 0:0:0:2: [sr0] tag#401 Add. Sense: Medium not present - tray open
Aug  4 22:11:33 linone000000 kernel: [   15.041375] sr 0:0:0:2: [sr0] tag#401 CDB: Read(10) 28 00 00 00 00 02 00 00 02 00
Aug  4 22:11:33 linone000000 kernel: [   15.041377] I/O error, dev sr0, sector 8 op 0x0:(READ) flags 0x0 phys_seg 1 prio class 0
Aug  4 22:11:33 linone000000 kernel: [   15.044675] Buffer I/O error on dev sr0, logical block 1, async page read
Aug  4 22:11:33 linone000000 kernel: [   15.614218] EXT4-fs (sda1): resizing filesystem from 548091 to 131043579 blocks
Aug  4 22:11:33 linone000000 kernel: [   25.621661] EXT4-fs (sda1): resized to 94896128 blocks
Aug  4 22:11:33 linone000000 kernel: [   30.042685] EXT4-fs (sda1): resized filesystem to 131043579
Aug  4 22:11:33 linone000000 kernel: [   30.197391]  sdb: sdb1
Aug  4 22:11:33 linone000000 kernel: [   30.790288] EXT4-fs (sdb1): mounted filesystem d1871ab0-c21e-4ffe-b25b-3ffb97a9dee2 r/w with ordered data mode. Quota mode: none.
Aug  4 22:11:33 linone000000 dhclient[537]: DHCPDISCOVER on eth0 to 255.255.255.255 port 67 interval 3 (xid=0xfbc32b62)
Aug  4 22:11:33 linone000000 dhclient[537]: DHCPOFFER of 10.225.0.4 from 168.63.129.16
Aug  4 22:11:33 linone000000 dhclient[537]: DHCPREQUEST for 10.225.0.4 on eth0 to 255.255.255.255 port 67 (xid=0x622bc3fb)
Aug  4 22:11:33 linone000000 dhclient[537]: DHCPACK of 10.225.0.4 from 168.63.129.16 (xid=0xfbc32b62)
Aug  4 22:11:33 linone000000 dhclient[542]: execve (/bin/true, ...): Permission denied
Aug  4 22:11:33 linone000000 dhclient[537]: Timeout too large reducing to: 2147483646 (TIME_MAX - 1)
Aug  4 22:11:33 linone000000 dhclient[537]: bound to 10.225.0.4 -- renewal in 4294967295 seconds.
Aug  4 22:11:33 linone000000 cloud-init[526]: 2025-08-04 22:11:12,321 - azure.py[WARNING]: IMDS network metadata is missing configuration for NICs ['00:22:48:7b:23:8d', '00:22:48:7b:26:d0', '00:22:48:7b:22:d9']: {'interface': [{'ipv4': {'ipAddress': [{'privateIpAddress': '10.225.0.4', 'publicIpAddress': ''}], 'subnet': [{'address': '10.225.0.0', 'prefix': '16'}]}, 'ipv6': {'ipAddress': []}, 'macAddress': '0022487B28E7'}]}
Aug  4 22:11:33 linone000000 systemd[1]: Condition check resulted in OpenVSwitch configuration for cleanup being skipped.
Aug  4 22:11:33 linone000000 systemd[1]: message repeated 2 times: [ Condition check resulted in OpenVSwitch configuration for cleanup being skipped.]
Aug  4 22:11:33 linone000000 systemd[1]: Finished Cloud-init: Local Stage (pre-network).
Aug  4 22:11:33 linone000000 systemd[1]: Reached target Preparation for Network.
Aug  4 22:11:33 linone000000 systemd[1]: Starting Network Configuration...
Aug  4 22:11:33 linone000000 systemd-networkd[585]: lo: Link UP
Aug  4 22:11:33 linone000000 systemd-networkd[585]: lo: Gained carrier
Aug  4 22:11:33 linone000000 systemd-networkd[585]: Enumeration completed
Aug  4 22:11:33 linone000000 systemd[1]: Started Network Configuration.
Aug  4 22:11:33 linone000000 systemd-networkd[585]: enP61702s1: Link UP
Aug  4 22:11:33 linone000000 systemd-networkd[585]: eth0: Link UP
Aug  4 22:11:33 linone000000 systemd-networkd[585]: eth0: Gained carrier
Aug  4 22:11:33 linone000000 systemd-networkd[585]: enP61702s1: Gained carrier
Aug  4 22:11:33 linone000000 systemd-networkd[585]: enP61702s1: Link DOWN
Aug  4 22:11:33 linone000000 systemd-networkd[585]: enP61702s1: Lost carrier
Aug  4 22:11:33 linone000000 systemd-networkd[585]: eth0: Link DOWN
Aug  4 22:11:33 linone000000 systemd-networkd[585]: eth0: Lost carrier
Aug  4 22:11:33 linone000000 systemd-networkd[585]: eth0: found matching network '/run/systemd/network/10-netplan-eth0.network', based on potentially unpredictable interface name.
Aug  4 22:11:33 linone000000 systemd[1]: Starting Wait for Network to be Configured...
Aug  4 22:11:33 linone000000 systemd[1]: Starting Network Name Resolution...
Aug  4 22:11:33 linone000000 systemd-networkd[585]: enP61702s1: Link UP
Aug  4 22:11:33 linone000000 systemd-networkd[585]: eth0: Link UP
Aug  4 22:11:33 linone000000 systemd-networkd[585]: eth0: Gained carrier
Aug  4 22:11:33 linone000000 systemd-networkd[585]: enP61702s1: Gained carrier
Aug  4 22:11:33 linone000000 systemd-networkd[585]: eth0: DHCPv4 address 10.225.0.4/16 via 10.225.0.1
Aug  4 22:11:33 linone000000 systemd-resolved[587]: Positive Trust Anchors:
Aug  4 22:11:33 linone000000 systemd-resolved[587]: . IN DS 20326 8 2 e06d44b80b8f1d39a95c0b0d7c65d08458e880409bbc683457104237c7f8ec8d
Aug  4 22:11:33 linone000000 systemd-resolved[587]: Negative trust anchors: home.arpa 10.in-addr.arpa 16.172.in-addr.arpa 17.172.in-addr.arpa 18.172.in-addr.arpa 19.172.in-addr.arpa 20.172.in-addr.arpa 21.172.in-addr.arpa 22.172.in-addr.arpa 23.172.in-addr.arpa 24.172.in-addr.arpa 25.172.in-addr.arpa 26.172.in-addr.arpa 27.172.in-addr.arpa 28.172.in-addr.arpa 29.172.in-addr.arpa 30.172.in-addr.arpa 31.172.in-addr.arpa 168.192.in-addr.arpa d.f.ip6.arpa corp home internal intranet lan local private test
Aug  4 22:11:33 linone000000 systemd-resolved[587]: Using system hostname 'linone000000'.
Aug  4 22:11:33 linone000000 systemd[1]: Started Network Name Resolution.
Aug  4 22:11:33 linone000000 systemd[1]: Reached target Network.
Aug  4 22:11:33 linone000000 systemd[1]: Reached target Host and Network Name Lookups.
Aug  4 22:11:33 linone000000 systemd-networkd[585]: eth0: Gained IPv6LL
Aug  4 22:11:33 linone000000 systemd[1]: Finished Wait for Network to be Configured.
Aug  4 22:11:33 linone000000 systemd[1]: Starting Cloud-init: Network Stage...
Aug  4 22:11:33 linone000000 systemd-networkd[585]: enP61702s1: Gained IPv6LL
Aug  4 22:11:33 linone000000 cloud-init[592]: Cloud-init v. 25.1.4-0ubuntu0~22.04.1 running 'init' at Mon, 04 Aug 2025 22:11:14 +0000. Up 14.66 seconds.
Aug  4 22:11:33 linone000000 cloud-init[592]: ci-info: ++++++++++++++++++++++++++++++++++++++++Net device info++++++++++++++++++++++++++++++++++++++++
Aug  4 22:11:33 linone000000 cloud-init[592]: ci-info: +------------+-------+-----------------------------+-------------+--------+-------------------+
Aug  4 22:11:33 linone000000 cloud-init[592]: ci-info: |   Device   |   Up  |           Address           |     Mask    | Scope  |     Hw-Address    |
Aug  4 22:11:33 linone000000 cloud-init[592]: ci-info: +------------+-------+-----------------------------+-------------+--------+-------------------+
Aug  4 22:11:33 linone000000 cloud-init[592]: ci-info: | enP61702s1 |  True | fe80::222:48ff:fe7b:28e7/64 |      .      |  link  | 00:22:48:7b:28:e7 |
Aug  4 22:11:33 linone000000 cloud-init[592]: ci-info: |    eth0    |  True |          10.225.0.4         | 255.255.0.0 | global | 00:22:48:7b:28:e7 |
Aug  4 22:11:33 linone000000 cloud-init[592]: ci-info: |    eth0    |  True | fe80::222:48ff:fe7b:28e7/64 |      .      |  link  | 00:22:48:7b:28:e7 |
Aug  4 22:11:33 linone000000 cloud-init[592]: ci-info: |    eth1    | False |              .              |      .      |   .    | 00:22:48:7b:22:d9 |
Aug  4 22:11:33 linone000000 cloud-init[592]: ci-info: |    eth2    | False |              .              |      .      |   .    | 00:22:48:7b:23:8d |
Aug  4 22:11:33 linone000000 cloud-init[592]: ci-info: |    eth3    | False |              .              |      .      |   .    | 00:22:48:7b:26:d0 |
Aug  4 22:11:33 linone000000 cloud-init[592]: ci-info: |     lo     |  True |          127.0.0.1          |  255.0.0.0  |  host  |         .         |
Aug  4 22:11:33 linone000000 cloud-init[592]: ci-info: |     lo     |  True |           ::1/128           |      .      |  host  |         .         |
Aug  4 22:11:33 linone000000 cloud-init[592]: ci-info: +------------+-------+-----------------------------+-------------+--------+-------------------+
Aug  4 22:11:33 linone000000 cloud-init[592]: ci-info: +++++++++++++++++++++++++++++++Route IPv4 info++++++++++++++++++++++++++++++++
Aug  4 22:11:33 linone000000 cloud-init[592]: ci-info: +-------+-----------------+------------+-----------------+-----------+-------+
Aug  4 22:11:33 linone000000 cloud-init[592]: ci-info: | Route |   Destination   |  Gateway   |     Genmask     | Interface | Flags |
Aug  4 22:11:33 linone000000 cloud-init[592]: ci-info: +-------+-----------------+------------+-----------------+-----------+-------+
Aug  4 22:11:33 linone000000 cloud-init[592]: ci-info: |   0   |     0.0.0.0     | 10.225.0.1 |     0.0.0.0     |    eth0   |   UG  |
Aug  4 22:11:33 linone000000 cloud-init[592]: ci-info: |   1   |    10.225.0.0   |  0.0.0.0   |   255.255.0.0   |    eth0   |   U   |
Aug  4 22:11:33 linone000000 cloud-init[592]: ci-info: |   2   |    10.225.0.1   |  0.0.0.0   | 255.255.255.255 |    eth0   |   UH  |
Aug  4 22:11:33 linone000000 cloud-init[592]: ci-info: |   3   |  168.63.129.16  | 10.225.0.1 | 255.255.255.255 |    eth0   |  UGH  |
Aug  4 22:11:33 linone000000 cloud-init[592]: ci-info: |   4   | 169.254.169.254 | 10.225.0.1 | 255.255.255.255 |    eth0   |  UGH  |
Aug  4 22:11:33 linone000000 cloud-init[592]: ci-info: +-------+-----------------+------------+-----------------+-----------+-------+
Aug  4 22:11:33 linone000000 cloud-init[592]: ci-info: +++++++++++++++++++Route IPv6 info++++++++++++++++++++
Aug  4 22:11:33 linone000000 cloud-init[592]: ci-info: +-------+-------------+---------+------------+-------+
Aug  4 22:11:33 linone000000 cloud-init[592]: ci-info: | Route | Destination | Gateway | Interface  | Flags |
Aug  4 22:11:33 linone000000 cloud-init[592]: ci-info: +-------+-------------+---------+------------+-------+
Aug  4 22:11:33 linone000000 cloud-init[592]: ci-info: |   1   |  fe80::/64  |    ::   |    eth0    |   U   |
Aug  4 22:11:33 linone000000 cloud-init[592]: ci-info: |   2   |  fe80::/64  |    ::   | enP61702s1 |   U   |
Aug  4 22:11:33 linone000000 cloud-init[592]: ci-info: |   4   |    local    |    ::   |    eth0    |   U   |
Aug  4 22:11:33 linone000000 cloud-init[592]: ci-info: |   5   |    local    |    ::   | enP61702s1 |   U   |
Aug  4 22:11:33 linone000000 cloud-init[592]: ci-info: |   6   |  multicast  |    ::   |    eth0    |   U   |
Aug  4 22:11:33 linone000000 cloud-init[592]: ci-info: |   7   |  multicast  |    ::   | enP61702s1 |   U   |
Aug  4 22:11:33 linone000000 cloud-init[592]: ci-info: +-------+-------------+---------+------------+-------+
Aug  4 22:11:33 linone000000 ntfs-3g[603]: Version 2021.8.22 integrated FUSE 28
Aug  4 22:11:33 linone000000 ntfs-3g[603]: Mounted /dev/sdb1 (Read-Only, label "Temporary Storage", NTFS 3.1)
Aug  4 22:11:33 linone000000 ntfs-3g[603]: Cmdline options: ro
Aug  4 22:11:33 linone000000 ntfs-3g[603]: Mount options: ro,allow_other,nonempty,relatime,fsname=/dev/sdb1,blkdev,blksize=4096
Aug  4 22:11:33 linone000000 ntfs-3g[603]: Ownership and permissions disabled, configuration type 7
Aug  4 22:11:33 linone000000 ntfs-3g[603]: Unmounting /dev/sdb1 (Temporary Storage)
Aug  4 22:11:33 linone000000 systemd[1]: run-cloud\x2dinit-tmp-tmp7jppd7af.mount: Deactivated successfully.
Aug  4 22:11:33 linone000000 systemd-udevd[708]: sdb1: Process '/usr/bin/unshare -m /usr/bin/snap auto-import --mount=/dev/sdb1' failed with exit code 1.
Aug  4 22:11:33 linone000000 systemd[1]: Reloading.
Aug  4 22:11:33 linone000000 systemd[1]: Configuration file /run/systemd/system/netplan-ovs-cleanup.service is marked world-inaccessible. This has no effect as configuration data is accessible via APIs without restrictions. Proceeding anyway.
Aug  4 22:11:33 linone000000 systemd[1]: /lib/systemd/system/snapd.service:23: Unknown key name 'RestartMode' in section 'Service', ignoring.
Aug  4 22:11:33 linone000000 cloud-init[592]: Generating public/private rsa key pair.
Aug  4 22:11:33 linone000000 cloud-init[592]: Your identification has been saved in /etc/ssh/ssh_host_rsa_key
Aug  4 22:11:33 linone000000 cloud-init[592]: Your public key has been saved in /etc/ssh/ssh_host_rsa_key.pub
Aug  4 22:11:33 linone000000 cloud-init[592]: The key fingerprint is:
Aug  4 22:11:33 linone000000 cloud-init[592]: SHA256:kzIMB6iMVw0P0Acrg5EbgGWIpb5tuf4+YU02KR8W2uk root@linone000000
Aug  4 22:11:33 linone000000 cloud-init[592]: The key's randomart image is:
Aug  4 22:11:33 linone000000 cloud-init[592]: +---[RSA 3072]----+
Aug  4 22:11:33 linone000000 cloud-init[592]: |*==+=+           |
Aug  4 22:11:33 linone000000 cloud-init[592]: |*=. o=o.         |
Aug  4 22:11:33 linone000000 cloud-init[592]: |=+o.o.= +        |
Aug  4 22:11:33 linone000000 cloud-init[592]: |=..o * X .       |
Aug  4 22:11:33 linone000000 cloud-init[592]: | o    % S        |
Aug  4 22:11:33 linone000000 cloud-init[592]: |  o .o E .       |
Aug  4 22:11:33 linone000000 cloud-init[592]: | . +. .          |
Aug  4 22:11:33 linone000000 cloud-init[592]: |  . ..           |
Aug  4 22:11:33 linone000000 cloud-init[592]: |  .ooo.          |
Aug  4 22:11:33 linone000000 cloud-init[592]: +----[SHA256]-----+
Aug  4 22:11:33 linone000000 cloud-init[592]: Generating public/private ecdsa key pair.
Aug  4 22:11:33 linone000000 cloud-init[592]: Your identification has been saved in /etc/ssh/ssh_host_ecdsa_key
Aug  4 22:11:33 linone000000 cloud-init[592]: Your public key has been saved in /etc/ssh/ssh_host_ecdsa_key.pub
Aug  4 22:11:33 linone000000 cloud-init[592]: The key fingerprint is:
Aug  4 22:11:33 linone000000 cloud-init[592]: SHA256:oexLLMpyeCOiF9f0cKWINGe/eLZ1WDcNK4j8VbIgYOI root@linone000000
Aug  4 22:11:33 linone000000 cloud-init[592]: The key's randomart image is:
Aug  4 22:11:33 linone000000 cloud-init[592]: +---[ECDSA 256]---+
Aug  4 22:11:33 linone000000 cloud-init[592]: |    . o.         |
Aug  4 22:11:33 linone000000 cloud-init[592]: |   .ooo . o . o  |
Aug  4 22:11:33 linone000000 cloud-init[592]: |   .E= +.= o + + |
Aug  4 22:11:33 linone000000 cloud-init[592]: |    ..+.*.. = + .|
Aug  4 22:11:33 linone000000 cloud-init[592]: |     oo=So + o . |
Aug  4 22:11:33 linone000000 cloud-init[592]: |  . .oo = + .    |
Aug  4 22:11:33 linone000000 cloud-init[592]: | . o. +o o .     |
Aug  4 22:11:33 linone000000 cloud-init[592]: |=.=. o ..        |
Aug  4 22:11:33 linone000000 cloud-init[592]: |+*o.  .          |
Aug  4 22:11:33 linone000000 cloud-init[592]: +----[SHA256]-----+
Aug  4 22:11:33 linone000000 cloud-init[592]: Generating public/private ed25519 key pair.
Aug  4 22:11:33 linone000000 cloud-init[592]: Your identification has been saved in /etc/ssh/ssh_host_ed25519_key
Aug  4 22:11:33 linone000000 cloud-init[592]: Your public key has been saved in /etc/ssh/ssh_host_ed25519_key.pub
Aug  4 22:11:33 linone000000 cloud-init[592]: The key fingerprint is:
Aug  4 22:11:33 linone000000 cloud-init[592]: SHA256:5UbhJePFdQjWDnLIHajZGn67Rx3EfC5mgKqLFkPVLag root@linone000000
Aug  4 22:11:33 linone000000 cloud-init[592]: The key's randomart image is:
Aug  4 22:11:33 linone000000 cloud-init[592]: +--[ED25519 256]--+
Aug  4 22:11:33 linone000000 cloud-init[592]: |       o o+**B...|
Aug  4 22:11:33 linone000000 cloud-init[592]: |      o ooBB* *..|
Aug  4 22:11:33 linone000000 cloud-init[592]: |     o   *=o = o |
Aug  4 22:11:33 linone000000 cloud-init[592]: |    E   =+.   * .|
Aug  4 22:11:33 linone000000 cloud-init[592]: |   .   oSoo  + o |
Aug  4 22:11:33 linone000000 cloud-init[592]: |    o . o.. . .  |
Aug  4 22:11:33 linone000000 cloud-init[592]: |     + . . o     |
Aug  4 22:11:33 linone000000 cloud-init[592]: |    o .   . .    |
Aug  4 22:11:33 linone000000 cloud-init[592]: |   .      .o     |
Aug  4 22:11:33 linone000000 cloud-init[592]: +----[SHA256]-----+
Aug  4 22:11:33 linone000000 systemd[1]: Finished Cloud-init: Network Stage.
Aug  4 22:11:33 linone000000 systemd[1]: Reached target Cloud-config availability.
Aug  4 22:11:33 linone000000 systemd[1]: Reached target Network is Online.
Aug  4 22:11:33 linone000000 systemd[1]: Reached target System Initialization.
Aug  4 22:11:33 linone000000 systemd[1]: Condition check resulted in Process error reports when automatic reporting is enabled (file watch) being skipped.
Aug  4 22:11:33 linone000000 systemd[1]: Condition check resulted in Process error reports when automatic reporting is enabled (timer based) being skipped.
Aug  4 22:11:33 linone000000 systemd[1]: Started Daily Cleanup of Temporary Directories.
Aug  4 22:11:33 linone000000 systemd[1]: Condition check resulted in Ubuntu Pro Timer for running repeated jobs being skipped.
Aug  4 22:11:33 linone000000 systemd[1]: Started Download data for packages that failed at package install time.
Aug  4 22:11:33 linone000000 systemd[1]: Reached target Path Units.
Aug  4 22:11:33 linone000000 systemd[1]: Condition check resulted in Unix socket for apport crash forwarding being skipped.
Aug  4 22:11:33 linone000000 systemd[1]: Listening on cloud-init hotplug hook socket.
Aug  4 22:11:33 linone000000 systemd[1]: Listening on D-Bus System Message Bus Socket.
Aug  4 22:11:33 linone000000 systemd[1]: Listening on Open-iSCSI iscsid Socket.
Aug  4 22:11:33 linone000000 systemd[1]: Starting Socket activation for snappy daemon...
Aug  4 22:11:33 linone000000 systemd[1]: Listening on UUID daemon activation socket.
Aug  4 22:11:33 linone000000 systemd[1]: Condition check resulted in Login to default iSCSI targets being skipped.
Aug  4 22:11:33 linone000000 systemd[1]: Finished Availability of block devices.
Aug  4 22:11:33 linone000000 systemd[1]: Listening on Socket activation for snappy daemon.
Aug  4 22:11:33 linone000000 systemd[1]: Reached target Socket Units.
Aug  4 22:11:33 linone000000 systemd[1]: Reached target Basic System.
Aug  4 22:11:33 linone000000 systemd[1]: Starting chrony, an NTP client/server...
Aug  4 22:11:33 linone000000 systemd[1]: Started D-Bus System Message Bus.
Aug  4 22:11:33 linone000000 systemd[1]: Started Save initial kernel messages after boot.
Aug  4 22:11:33 linone000000 systemd[1]: Starting Remove Stale Online ext4 Metadata Check Snapshots...
Aug  4 22:11:33 linone000000 systemd[1]: Condition check resulted in getty on tty2-tty6 if dbus and logind are not available being skipped.
Aug  4 22:11:33 linone000000 dbus-daemon[802]: [system] AppArmor D-Bus mediation is enabled
Aug  4 22:11:33 linone000000 systemd[1]: Starting Record successful boot for GRUB...
Aug  4 22:11:33 linone000000 systemd[1]: Condition check resulted in Hyper-V File Copy Protocol Daemon being skipped.
Aug  4 22:11:33 linone000000 systemd[1]: Condition check resulted in Hyper-V VSS Protocol Daemon being skipped.
Aug  4 22:11:33 linone000000 systemd[1]: Started irqbalance daemon.
Aug  4 22:11:33 linone000000 systemd[1]: Starting Dispatcher daemon for systemd-networkd...
Aug  4 22:11:33 linone000000 systemd[1]: Condition check resulted in Auto-connect to subsystems on FC-NVME devices found during boot being skipped.
Aug  4 22:11:33 linone000000 systemd[1]: Starting Connect NVMe-oF subsystems automatically during boot...
Aug  4 22:11:33 linone000000 systemd[1]: Starting Pollinate to seed the pseudo random number generator...
Aug  4 22:11:33 linone000000 systemd[1]: Starting System Logging Service...
Aug  4 22:11:33 linone000000 systemd[1]: Starting Secure Boot updates for DB and DBX...
Aug  4 22:11:33 linone000000 systemd[1]: Condition check resulted in Automatically repair incorrect owner/permissions on core devices being skipped.
Aug  4 22:11:33 linone000000 systemd[1]: Condition check resulted in Wait for the Ubuntu Core chooser trigger being skipped.
Aug  4 22:11:33 linone000000 systemd[1]: Reached target Preparation for Logins.
